led7_segment.c:35:6:set_led7_segement	8	static
led7_segment.c:41:6:display7SEGX	32	static
led7_segment.c:62:6:display7SEGY	32	static
led7_segment.c:83:6:led7_segment_run02	8	static
led7_segment.c:142:6:led7_segment_run13	8	static
led7_segment.c:264:6:Save_led7RED_segment_run02	8	static
led7_segment.c:272:6:Save_led7GREEN_segment_run02	8	static
led7_segment.c:280:6:Save_led7YELLOW_segment_run02	8	static
led7_segment.c:288:6:Save_led7RED_segment_run13	8	static
led7_segment.c:300:6:Increase_Save_led7RED_segment_run13	8	static
led7_segment.c:315:6:Save_led7GREEN_segment_run13	8	static
led7_segment.c:327:6:Increase_Save_led7GREEN_segment_run13	8	static
led7_segment.c:341:6:Save_led7YELLOW_segment_run13	8	static
led7_segment.c:353:6:Increase_Save_led7YELLOW_segment_run13	8	static
