Archive member included to satisfy reference by file (symbol)

e:/microprocessors-microcontrollers/stm32cubeide_1.7.0/stm32cubeide/plugins/com.st.stm32cube.ide.mcu.externaltools.gnu-tools-for-stm32.9-2020-q2-update.win32_2.0.0.202105311346/tools/bin/../lib/gcc/arm-none-eabi/9.3.1/../../../../arm-none-eabi/lib/thumb/v7-m/nofp\libc_nano.a(lib_a-errno.o)
                              ./Core/Src/syscalls.o (__errno)
e:/microprocessors-microcontrollers/stm32cubeide_1.7.0/stm32cubeide/plugins/com.st.stm32cube.ide.mcu.externaltools.gnu-tools-for-stm32.9-2020-q2-update.win32_2.0.0.202105311346/tools/bin/../lib/gcc/arm-none-eabi/9.3.1/../../../../arm-none-eabi/lib/thumb/v7-m/nofp\libc_nano.a(lib_a-exit.o)
                              e:/microprocessors-microcontrollers/stm32cubeide_1.7.0/stm32cubeide/plugins/com.st.stm32cube.ide.mcu.externaltools.gnu-tools-for-stm32.9-2020-q2-update.win32_2.0.0.202105311346/tools/bin/../lib/gcc/arm-none-eabi/9.3.1/../../../../arm-none-eabi/lib/thumb/v7-m/nofp/crt0.o (exit)
e:/microprocessors-microcontrollers/stm32cubeide_1.7.0/stm32cubeide/plugins/com.st.stm32cube.ide.mcu.externaltools.gnu-tools-for-stm32.9-2020-q2-update.win32_2.0.0.202105311346/tools/bin/../lib/gcc/arm-none-eabi/9.3.1/../../../../arm-none-eabi/lib/thumb/v7-m/nofp\libc_nano.a(lib_a-impure.o)
                              e:/microprocessors-microcontrollers/stm32cubeide_1.7.0/stm32cubeide/plugins/com.st.stm32cube.ide.mcu.externaltools.gnu-tools-for-stm32.9-2020-q2-update.win32_2.0.0.202105311346/tools/bin/../lib/gcc/arm-none-eabi/9.3.1/../../../../arm-none-eabi/lib/thumb/v7-m/nofp\libc_nano.a(lib_a-exit.o) (_global_impure_ptr)
e:/microprocessors-microcontrollers/stm32cubeide_1.7.0/stm32cubeide/plugins/com.st.stm32cube.ide.mcu.externaltools.gnu-tools-for-stm32.9-2020-q2-update.win32_2.0.0.202105311346/tools/bin/../lib/gcc/arm-none-eabi/9.3.1/../../../../arm-none-eabi/lib/thumb/v7-m/nofp\libc_nano.a(lib_a-init.o)
                              e:/microprocessors-microcontrollers/stm32cubeide_1.7.0/stm32cubeide/plugins/com.st.stm32cube.ide.mcu.externaltools.gnu-tools-for-stm32.9-2020-q2-update.win32_2.0.0.202105311346/tools/bin/../lib/gcc/arm-none-eabi/9.3.1/../../../../arm-none-eabi/lib/thumb/v7-m/nofp/crt0.o (__libc_init_array)
e:/microprocessors-microcontrollers/stm32cubeide_1.7.0/stm32cubeide/plugins/com.st.stm32cube.ide.mcu.externaltools.gnu-tools-for-stm32.9-2020-q2-update.win32_2.0.0.202105311346/tools/bin/../lib/gcc/arm-none-eabi/9.3.1/../../../../arm-none-eabi/lib/thumb/v7-m/nofp\libc_nano.a(lib_a-memset.o)
                              e:/microprocessors-microcontrollers/stm32cubeide_1.7.0/stm32cubeide/plugins/com.st.stm32cube.ide.mcu.externaltools.gnu-tools-for-stm32.9-2020-q2-update.win32_2.0.0.202105311346/tools/bin/../lib/gcc/arm-none-eabi/9.3.1/../../../../arm-none-eabi/lib/thumb/v7-m/nofp/crt0.o (memset)

Allocating common symbols
Common symbol       size              file

timer_counter       0x28              ./Core/Src/software_timer.o
uwTick              0x4               ./Drivers/STM32F1xx_HAL_Driver/Src/stm32f1xx_hal.o
pFlash              0x20              ./Drivers/STM32F1xx_HAL_Driver/Src/stm32f1xx_hal_flash.o
savecountergreen13  0x4               ./Core/Src/led7_segment.o
checkcountergreen   0x4               ./Core/Src/led7_segment.o
checkcounterred     0x4               ./Core/Src/led7_segment.o
savecounterred13    0x4               ./Core/Src/led7_segment.o
timer_flag          0x28              ./Core/Src/software_timer.o
htim2               0x48              ./Core/Src/main.o

Discarded input sections

 .text          0x0000000000000000        0x0 e:/microprocessors-microcontrollers/stm32cubeide_1.7.0/stm32cubeide/plugins/com.st.stm32cube.ide.mcu.externaltools.gnu-tools-for-stm32.9-2020-q2-update.win32_2.0.0.202105311346/tools/bin/../lib/gcc/arm-none-eabi/9.3.1/thumb/v7-m/nofp/crti.o
 .data          0x0000000000000000        0x0 e:/microprocessors-microcontrollers/stm32cubeide_1.7.0/stm32cubeide/plugins/com.st.stm32cube.ide.mcu.externaltools.gnu-tools-for-stm32.9-2020-q2-update.win32_2.0.0.202105311346/tools/bin/../lib/gcc/arm-none-eabi/9.3.1/thumb/v7-m/nofp/crti.o
 .bss           0x0000000000000000        0x0 e:/microprocessors-microcontrollers/stm32cubeide_1.7.0/stm32cubeide/plugins/com.st.stm32cube.ide.mcu.externaltools.gnu-tools-for-stm32.9-2020-q2-update.win32_2.0.0.202105311346/tools/bin/../lib/gcc/arm-none-eabi/9.3.1/thumb/v7-m/nofp/crti.o
 .data          0x0000000000000000        0x4 e:/microprocessors-microcontrollers/stm32cubeide_1.7.0/stm32cubeide/plugins/com.st.stm32cube.ide.mcu.externaltools.gnu-tools-for-stm32.9-2020-q2-update.win32_2.0.0.202105311346/tools/bin/../lib/gcc/arm-none-eabi/9.3.1/thumb/v7-m/nofp/crtbegin.o
[...]
Memory Configuration

Name             Origin             Length             Attributes
RAM              0x0000000020000000 0x0000000000002800 xrw
FLASH            0x0000000008000000 0x0000000000008000 xr
*default*        0x0000000000000000 0xffffffffffffffff

Linker script and memory map

LOAD e:/microprocessors-microcontrollers/stm32cubeide_1.7.0/stm32cubeide/plugins/com.st.stm32cube.ide.mcu.externaltools.gnu-tools-for-stm32.9-2020-q2-update.win32_2.0.0.202105311346/tools/bin/../lib/gcc/arm-none-eabi/9.3.1/thumb/v7-m/nofp/crti.o
LOAD e:/microprocessors-microcontrollers/stm32cubeide_1.7.0/stm32cubeide/plugins/com.st.stm32cube.ide.mcu.externaltools.gnu-tools-for-stm32.9-2020-q2-update.win32_2.0.0.202105311346/tools/bin/../lib/gcc/arm-none-eabi/9.3.1/thumb/v7-m/nofp/crtbegin.o
LOAD e:/microprocessors-microcontrollers/stm32cubeide_1.7.0/stm32cubeide/plugins/com.st.stm32cube.ide.mcu.externaltools.gnu-tools-for-stm32.9-2020-q2-update.win32_2.0.0.202105311346/tools/bin/../lib/gcc/arm-none-eabi/9.3.1/../../../../arm-none-eabi/lib/thumb/v7-m/nofp/crt0.o
LOAD ./Core/Src/button.o
LOAD ./Core/Src/fsm_automatic.o
LOAD ./Core/Src/fsm_manual.o
LOAD ./Core/Src/fsm_setting.o
LOAD ./Core/Src/global.o
LOAD ./Core/Src/led7_segment.o
LOAD ./Core/Src/main.o
LOAD ./Core/Src/software_timer.o
LOAD ./Core/Src/stm32f1xx_hal_msp.o
LOAD ./Core/Src/stm32f1xx_it.o
LOAD ./Core/Src/syscalls.o
LOAD ./Core/Src/sysmem.o
LOAD ./Core/Src/system_stm32f1xx.o
LOAD ./Core/Src/traffic_light.o
LOAD ./Core/Startup/startup_stm32f103c6ux.o
LOAD ./Drivers/STM32F1xx_HAL_Driver/Src/stm32f1xx_hal.o
LOAD ./Drivers/STM32F1xx_HAL_Driver/Src/stm32f1xx_hal_cortex.o
LOAD ./Drivers/STM32F1xx_HAL_Driver/Src/stm32f1xx_hal_dma.o
LOAD ./Drivers/STM32F1xx_HAL_Driver/Src/stm32f1xx_hal_exti.o
LOAD ./Drivers/STM32F1xx_HAL_Driver/Src/stm32f1xx_hal_flash.o
LOAD ./Drivers/STM32F1xx_HAL_Driver/Src/stm32f1xx_hal_flash_ex.o
LOAD ./Drivers/STM32F1xx_HAL_Driver/Src/stm32f1xx_hal_gpio.o
LOAD ./Drivers/STM32F1xx_HAL_Driver/Src/stm32f1xx_hal_gpio_ex.o
LOAD ./Drivers/STM32F1xx_HAL_Driver/Src/stm32f1xx_hal_pwr.o
LOAD ./Drivers/STM32F1xx_HAL_Driver/Src/stm32f1xx_hal_rcc.o
LOAD ./Drivers/STM32F1xx_HAL_Driver/Src/stm32f1xx_hal_rcc_ex.o
LOAD ./Drivers/STM32F1xx_HAL_Driver/Src/stm32f1xx_hal_tim.o
LOAD ./Drivers/STM32F1xx_HAL_Driver/Src/stm32f1xx_hal_tim_ex.o
START GROUP
LOAD e:/microprocessors-microcontrollers/stm32cubeide_1.7.0/stm32cubeide/plugins/com.st.stm32cube.ide.mcu.externaltools.gnu-tools-for-stm32.9-2020-q2-update.win32_2.0.0.202105311346/tools/bin/../lib/gcc/arm-none-eabi/9.3.1/../../../../arm-none-eabi/lib/thumb/v7-m/nofp\libc_nano.a
LOAD e:/microprocessors-microcontrollers/stm32cubeide_1.7.0/stm32cubeide/plugins/com.st.stm32cube.ide.mcu.externaltools.gnu-tools-for-stm32.9-2020-q2-update.win32_2.0.0.202105311346/tools/bin/../lib/gcc/arm-none-eabi/9.3.1/../../../../arm-none-eabi/lib/thumb/v7-m/nofp\libm.a
END GROUP
START GROUP
LOAD e:/microprocessors-microcontrollers/stm32cubeide_1.7.0/stm32cubeide/plugins/com.st.stm32cube.ide.mcu.externaltools.gnu-tools-for-stm32.9-2020-q2-update.win32_2.0.0.202105311346/tools/bin/../lib/gcc/arm-none-eabi/9.3.1/thumb/v7-m/nofp\libgcc.a
LOAD e:/microprocessors-microcontrollers/stm32cubeide_1.7.0/stm32cubeide/plugins/com.st.stm32cube.ide.mcu.externaltools.gnu-tools-for-stm32.9-2020-q2-update.win32_2.0.0.202105311346/tools/bin/../lib/gcc/arm-none-eabi/9.3.1/../../../../arm-none-eabi/lib/thumb/v7-m/nofp\libc_nano.a
END GROUP
START GROUP
LOAD e:/microprocessors-microcontrollers/stm32cubeide_1.7.0/stm32cubeide/plugins/com.st.stm32cube.ide.mcu.externaltools.gnu-tools-for-stm32.9-2020-q2-update.win32_2.0.0.202105311346/tools/bin/../lib/gcc/arm-none-eabi/9.3.1/thumb/v7-m/nofp\libgcc.a
LOAD e:/microprocessors-microcontrollers/stm32cubeide_1.7.0/stm32cubeide/plugins/com.st.stm32cube.ide.mcu.externaltools.gnu-tools-for-stm32.9-2020-q2-update.win32_2.0.0.202105311346/tools/bin/../lib/gcc/arm-none-eabi/9.3.1/../../../../arm-none-eabi/lib/thumb/v7-m/nofp\libc_nano.a
LOAD e:/microprocessors-microcontrollers/stm32cubeide_1.7.0/stm32cubeide/plugins/com.st.stm32cube.ide.mcu.externaltools.gnu-tools-for-stm32.9-2020-q2-update.win32_2.0.0.202105311346/tools/bin/../lib/gcc/arm-none-eabi/9.3.1/../../../../arm-none-eabi/lib/thumb/v7-m/nofp\libnosys.a
END GROUP
START GROUP
LOAD e:/microprocessors-microcontrollers/stm32cubeide_1.7.0/stm32cubeide/plugins/com.st.stm32cube.ide.mcu.externaltools.gnu-tools-for-stm32.9-2020-q2-update.win32_2.0.0.202105311346/tools/bin/../lib/gcc/arm-none-eabi/9.3.1/thumb/v7-m/nofp\libgcc.a
LOAD e:/microprocessors-microcontrollers/stm32cubeide_1.7.0/stm32cubeide/plugins/com.st.stm32cube.ide.mcu.externaltools.gnu-tools-for-stm32.9-2020-q2-update.win32_2.0.0.202105311346/tools/bin/../lib/gcc/arm-none-eabi/9.3.1/../../../../arm-none-eabi/lib/thumb/v7-m/nofp\libc_nano.a
LOAD e:/microprocessors-microcontrollers/stm32cubeide_1.7.0/stm32cubeide/plugins/com.st.stm32cube.ide.mcu.externaltools.gnu-tools-for-stm32.9-2020-q2-update.win32_2.0.0.202105311346/tools/bin/../lib/gcc/arm-none-eabi/9.3.1/../../../../arm-none-eabi/lib/thumb/v7-m/nofp\libnosys.a
END GROUP
LOAD e:/microprocessors-microcontrollers/stm32cubeide_1.7.0/stm32cubeide/plugins/com.st.stm32cube.ide.mcu.externaltools.gnu-tools-for-stm32.9-2020-q2-update.win32_2.0.0.202105311346/tools/bin/../lib/gcc/arm-none-eabi/9.3.1/thumb/v7-m/nofp/crtend.o
LOAD e:/microprocessors-microcontrollers/stm32cubeide_1.7.0/stm32cubeide/plugins/com.st.stm32cube.ide.mcu.externaltools.gnu-tools-for-stm32.9-2020-q2-update.win32_2.0.0.202105311346/tools/bin/../lib/gcc/arm-none-eabi/9.3.1/thumb/v7-m/nofp/crtn.o
                0x0000000020002800                _estack = (ORIGIN (RAM) + LENGTH (RAM))
                0x0000000000000200                _Min_Heap_Size = 0x200
                0x0000000000000400                _Min_Stack_Size = 0x400

.isr_vector     0x0000000008000000      0x10c
                0x0000000008000000                . = ALIGN (0x4)
 *(.isr_vector)
 .isr_vector    0x0000000008000000      0x10c ./Core/Startup/startup_stm32f103c6ux.o
                0x0000000008000000                g_pfnVectors
                0x000000000800010c                . = ALIGN (0x4)

.text           0x000000000800010c     0x303c
                0x000000000800010c                . = ALIGN (0x4)
 *(.text)
 .text          0x000000000800010c       0x40 e:/microprocessors-microcontrollers/stm32cubeide_1.7.0/stm32cubeide/plugins/com.st.stm32cube.ide.mcu.externaltools.gnu-tools-for-stm32.9-2020-q2-update.win32_2.0.0.202105311346/tools/bin/../lib/gcc/arm-none-eabi/9.3.1/thumb/v7-m/nofp/crtbegin.o
 *(.text*)
 .text.isButtonPressed
                0x000000000800014c       0x34 ./Core/Src/button.o
                0x000000000800014c                isButtonPressed
 .text.subKeyProcess
                0x0000000008000180       0x20 ./Core/Src/button.o
                0x0000000008000180                subKeyProcess
 .text.getKeyInput
                0x00000000080001a0      0x114 ./Core/Src/button.o
                0x00000000080001a0                getKeyInput
 .text.fsm_automatic_run
                0x00000000080002b4      0x37c ./Core/Src/fsm_automatic.o
                0x00000000080002b4                fsm_automatic_run
 .text.fsm_manual_run
                0x0000000008000630      0x3b0 ./Core/Src/fsm_manual.o
                0x0000000008000630                fsm_manual_run
 .text.fsm_setting_run
                0x00000000080009e0      0x484 ./Core/Src/fsm_setting.o
                0x00000000080009e0                fsm_setting_run
 .text.set_led7_segement
                0x0000000008000e64       0x28 ./Core/Src/led7_segment.o
                0x0000000008000e64                set_led7_segement
 .text.display7SEGX
                0x0000000008000e8c      0x110 ./Core/Src/led7_segment.o
                0x0000000008000e8c                display7SEGX
 .text.display7SEGY
                0x0000000008000f9c      0x11c ./Core/Src/led7_segment.o
                0x0000000008000f9c                display7SEGY
 .text.led7_segment_run02
                0x00000000080010b8       0x48 ./Core/Src/led7_segment.o
                0x00000000080010b8                led7_segment_run02
 .text.led7_segment_run13
                0x0000000008001100      0x254 ./Core/Src/led7_segment.o
                0x0000000008001100                led7_segment_run13
 .text.Save_led7RED_segment_run13
                0x0000000008001354       0x88 ./Core/Src/led7_segment.o
                0x0000000008001354                Save_led7RED_segment_run13
 .text.Increase_Save_led7RED_segment_run13
                0x00000000080013dc       0x58 ./Core/Src/led7_segment.o
                0x00000000080013dc                Increase_Save_led7RED_segment_run13
 .text.Save_led7GREEN_segment_run13
                0x0000000008001434       0x88 ./Core/Src/led7_segment.o
                0x0000000008001434                Save_led7GREEN_segment_run13
 .text.main     0x00000000080014bc       0x38 ./Core/Src/main.o
                0x00000000080014bc                main
 .text.SystemClock_Config
                0x00000000080014f4       0x76 ./Core/Src/main.o
                0x00000000080014f4                SystemClock_Config
 *fill*         0x000000000800156a        0x2 
 .text.MX_TIM2_Init
                0x000000000800156c       0x98 ./Core/Src/main.o
 .text.MX_GPIO_Init
                0x0000000008001604       0xe4 ./Core/Src/main.o
 .text.HAL_TIM_PeriodElapsedCallback
                0x00000000080016e8       0x18 ./Core/Src/main.o
                0x00000000080016e8                HAL_TIM_PeriodElapsedCallback
 .text.Error_Handler
                0x0000000008001700        0xa ./Core/Src/main.o
                0x0000000008001700                Error_Handler
 *fill*         0x000000000800170a        0x2 
 .text.setTimer
                0x000000000800170c       0x40 ./Core/Src/software_timer.o
                0x000000000800170c                setTimer
 .text.isTimerExpired
                0x000000000800174c       0x34 ./Core/Src/software_timer.o
                0x000000000800174c                isTimerExpired
 .text.timerRun
                0x0000000008001780       0x60 ./Core/Src/software_timer.o
                0x0000000008001780                timerRun
 .text.HAL_MspInit
                0x00000000080017e0       0x64 ./Core/Src/stm32f1xx_hal_msp.o
                0x00000000080017e0                HAL_MspInit
 .text.HAL_TIM_Base_MspInit
                0x0000000008001844       0x48 ./Core/Src/stm32f1xx_hal_msp.o
                0x0000000008001844                HAL_TIM_Base_MspInit
 .text.NMI_Handler
                0x000000000800188c        0x6 ./Core/Src/stm32f1xx_it.o
                0x000000000800188c                NMI_Handler
 .text.HardFault_Handler
                0x0000000008001892        0x6 ./Core/Src/stm32f1xx_it.o
                0x0000000008001892                HardFault_Handler
 .text.MemManage_Handler
                0x0000000008001898        0x6 ./Core/Src/stm32f1xx_it.o
                0x0000000008001898                MemManage_Handler
 .text.BusFault_Handler
                0x000000000800189e        0x6 ./Core/Src/stm32f1xx_it.o
                0x000000000800189e                BusFault_Handler
 .text.UsageFault_Handler
                0x00000000080018a4        0x6 ./Core/Src/stm32f1xx_it.o
                0x00000000080018a4                UsageFault_Handler
 .text.SVC_Handler
                0x00000000080018aa        0xc ./Core/Src/stm32f1xx_it.o
                0x00000000080018aa                SVC_Handler
 .text.DebugMon_Handler
                0x00000000080018b6        0xc ./Core/Src/stm32f1xx_it.o
                0x00000000080018b6                DebugMon_Handler
 .text.PendSV_Handler
                0x00000000080018c2        0xc ./Core/Src/stm32f1xx_it.o
                0x00000000080018c2                PendSV_Handler
 .text.SysTick_Handler
                0x00000000080018ce        0xc ./Core/Src/stm32f1xx_it.o
                0x00000000080018ce                SysTick_Handler
 *fill*         0x00000000080018da        0x2 
 .text.TIM2_IRQHandler
                0x00000000080018dc       0x14 ./Core/Src/stm32f1xx_it.o
                0x00000000080018dc                TIM2_IRQHandler
 .text.SystemInit
                0x00000000080018f0        0xc ./Core/Src/system_stm32f1xx.o
                0x00000000080018f0                SystemInit
 .text.set_led  0x00000000080018fc       0x18 ./Core/Src/traffic_light.o
                0x00000000080018fc                set_led
 .text.Turn_On_All_LED_RED
                0x0000000008001914       0x2c ./Core/Src/traffic_light.o
                0x0000000008001914                Turn_On_All_LED_RED
 .text.Turn_On_All_LED_GREEN
                0x0000000008001940       0x2c ./Core/Src/traffic_light.o
                0x0000000008001940                Turn_On_All_LED_GREEN
 .text.Turn_On_All_LED_YELLOW
                0x000000000800196c       0x2c ./Core/Src/traffic_light.o
                0x000000000800196c                Turn_On_All_LED_YELLOW
 .text.LED_RED1_GREEN2
                0x0000000008001998       0x48 ./Core/Src/traffic_light.o
                0x0000000008001998                LED_RED1_GREEN2
 .text.LED_RED1_YELLOW2
                0x00000000080019e0       0x48 ./Core/Src/traffic_light.o
                0x00000000080019e0                LED_RED1_YELLOW2
 .text.LED_GREEN1_RED2
                0x0000000008001a28       0x48 ./Core/Src/traffic_light.o
                0x0000000008001a28                LED_GREEN1_RED2
 .text.LED_YELLOW1_RED2
                0x0000000008001a70       0x48 ./Core/Src/traffic_light.o
                0x0000000008001a70                LED_YELLOW1_RED2
 .text.Reset_Handler
                0x0000000008001ab8       0x48 ./Core/Startup/startup_stm32f103c6ux.o
                0x0000000008001ab8                Reset_Handler
 .text.Default_Handler
                0x0000000008001b00        0x2 ./Core/Startup/startup_stm32f103c6ux.o
                0x0000000008001b00                RTC_Alarm_IRQHandler
                0x0000000008001b00                EXTI2_IRQHandler
                0x0000000008001b00                TIM1_CC_IRQHandler
                0x0000000008001b00                PVD_IRQHandler
                0x0000000008001b00                EXTI3_IRQHandler
                0x0000000008001b00                EXTI0_IRQHandler
                0x0000000008001b00                ADC1_2_IRQHandler
                0x0000000008001b00                SPI1_IRQHandler
                0x0000000008001b00                TAMPER_IRQHandler
                0x0000000008001b00                DMA1_Channel4_IRQHandler
                0x0000000008001b00                RTC_IRQHandler
                0x0000000008001b00                DMA1_Channel7_IRQHandler
                0x0000000008001b00                CAN1_RX1_IRQHandler
                0x0000000008001b00                I2C1_EV_IRQHandler
                0x0000000008001b00                DMA1_Channel6_IRQHandler
                0x0000000008001b00                TIM3_IRQHandler
                0x0000000008001b00                RCC_IRQHandler
                0x0000000008001b00                TIM1_TRG_COM_IRQHandler
                0x0000000008001b00                DMA1_Channel1_IRQHandler
                0x0000000008001b00                Default_Handler
                0x0000000008001b00                EXTI15_10_IRQHandler
                0x0000000008001b00                EXTI9_5_IRQHandler
                0x0000000008001b00                DMA1_Channel5_IRQHandler
                0x0000000008001b00                EXTI4_IRQHandler
                0x0000000008001b00                USB_LP_CAN1_RX0_IRQHandler
                0x0000000008001b00                USB_HP_CAN1_TX_IRQHandler
                0x0000000008001b00                DMA1_Channel3_IRQHandler
                0x0000000008001b00                TIM1_UP_IRQHandler
                0x0000000008001b00                WWDG_IRQHandler
                0x0000000008001b00                TIM1_BRK_IRQHandler
                0x0000000008001b00                EXTI1_IRQHandler
                0x0000000008001b00                USART2_IRQHandler
                0x0000000008001b00                DMA1_Channel2_IRQHandler
                0x0000000008001b00                CAN1_SCE_IRQHandler
                0x0000000008001b00                FLASH_IRQHandler
                0x0000000008001b00                USART1_IRQHandler
                0x0000000008001b00                I2C1_ER_IRQHandler
                0x0000000008001b00                USBWakeUp_IRQHandler
 *fill*         0x0000000008001b02        0x2 
 .text.HAL_Init
                0x0000000008001b04       0x2c ./Drivers/STM32F1xx_HAL_Driver/Src/stm32f1xx_hal.o
                0x0000000008001b04                HAL_Init
 .text.HAL_InitTick
                0x0000000008001b30       0x60 ./Drivers/STM32F1xx_HAL_Driver/Src/stm32f1xx_hal.o
                0x0000000008001b30                HAL_InitTick
 .text.HAL_IncTick
                0x0000000008001b90       0x24 ./Drivers/STM32F1xx_HAL_Driver/Src/stm32f1xx_hal.o
                0x0000000008001b90                HAL_IncTick
 .text.HAL_GetTick
                0x0000000008001bb4       0x14 ./Drivers/STM32F1xx_HAL_Driver/Src/stm32f1xx_hal.o
                0x0000000008001bb4                HAL_GetTick
 .text.__NVIC_SetPriorityGrouping
                0x0000000008001bc8       0x48 ./Drivers/STM32F1xx_HAL_Driver/Src/stm32f1xx_hal_cortex.o
 .text.__NVIC_GetPriorityGrouping
                0x0000000008001c10       0x1c ./Drivers/STM32F1xx_HAL_Driver/Src/stm32f1xx_hal_cortex.o
 .text.__NVIC_EnableIRQ
                0x0000000008001c2c       0x38 ./Drivers/STM32F1xx_HAL_Driver/Src/stm32f1xx_hal_cortex.o
 .text.__NVIC_SetPriority
                0x0000000008001c64       0x54 ./Drivers/STM32F1xx_HAL_Driver/Src/stm32f1xx_hal_cortex.o
 .text.NVIC_EncodePriority
                0x0000000008001cb8       0x64 ./Drivers/STM32F1xx_HAL_Driver/Src/stm32f1xx_hal_cortex.o
 .text.SysTick_Config
                0x0000000008001d1c       0x44 ./Drivers/STM32F1xx_HAL_Driver/Src/stm32f1xx_hal_cortex.o
 .text.HAL_NVIC_SetPriorityGrouping
                0x0000000008001d60       0x16 ./Drivers/STM32F1xx_HAL_Driver/Src/stm32f1xx_hal_cortex.o
                0x0000000008001d60                HAL_NVIC_SetPriorityGrouping
 .text.HAL_NVIC_SetPriority
                0x0000000008001d76       0x38 ./Drivers/STM32F1xx_HAL_Driver/Src/stm32f1xx_hal_cortex.o
                0x0000000008001d76                HAL_NVIC_SetPriority
 .text.HAL_NVIC_EnableIRQ
                0x0000000008001dae       0x1c ./Drivers/STM32F1xx_HAL_Driver/Src/stm32f1xx_hal_cortex.o
                0x0000000008001dae                HAL_NVIC_EnableIRQ
 .text.HAL_SYSTICK_Config
                0x0000000008001dca       0x18 ./Drivers/STM32F1xx_HAL_Driver/Src/stm32f1xx_hal_cortex.o
                0x0000000008001dca                HAL_SYSTICK_Config
 *fill*         0x0000000008001de2        0x2 
 .text.HAL_GPIO_Init
                0x0000000008001de4      0x2f4 ./Drivers/STM32F1xx_HAL_Driver/Src/stm32f1xx_hal_gpio.o
                0x0000000008001de4                HAL_GPIO_Init
 .text.HAL_GPIO_ReadPin
                0x00000000080020d8       0x2e ./Drivers/STM32F1xx_HAL_Driver/Src/stm32f1xx_hal_gpio.o
                0x00000000080020d8                HAL_GPIO_ReadPin
 .text.HAL_GPIO_WritePin
                0x0000000008002106       0x30 ./Drivers/STM32F1xx_HAL_Driver/Src/stm32f1xx_hal_gpio.o
                0x0000000008002106                HAL_GPIO_WritePin
 .text.HAL_GPIO_TogglePin
                0x0000000008002136       0x32 ./Drivers/STM32F1xx_HAL_Driver/Src/stm32f1xx_hal_gpio.o
                0x0000000008002136                HAL_GPIO_TogglePin
 .text.HAL_RCC_OscConfig
                0x0000000008002168      0x500 ./Drivers/STM32F1xx_HAL_Driver/Src/stm32f1xx_hal_rcc.o
                0x0000000008002168                HAL_RCC_OscConfig
 .text.HAL_RCC_ClockConfig
                0x0000000008002668      0x1d4 ./Drivers/STM32F1xx_HAL_Driver/Src/stm32f1xx_hal_rcc.o
                0x0000000008002668                HAL_RCC_ClockConfig
 .text.HAL_RCC_GetSysClockFreq
                0x000000000800283c       0xa8 ./Drivers/STM32F1xx_HAL_Driver/Src/stm32f1xx_hal_rcc.o
                0x000000000800283c                HAL_RCC_GetSysClockFreq
 .text.RCC_Delay
                0x00000000080028e4       0x3c ./Drivers/STM32F1xx_HAL_Driver/Src/stm32f1xx_hal_rcc.o
 .text.HAL_TIM_Base_Init
                0x0000000008002920       0x9e ./Drivers/STM32F1xx_HAL_Driver/Src/stm32f1xx_hal_tim.o
                0x0000000008002920                HAL_TIM_Base_Init
 *fill*         0x00000000080029be        0x2 
 .text.HAL_TIM_Base_Start_IT
                0x00000000080029c0       0x98 ./Drivers/STM32F1xx_HAL_Driver/Src/stm32f1xx_hal_tim.o
                0x00000000080029c0                HAL_TIM_Base_Start_IT
 .text.HAL_TIM_IRQHandler
                0x0000000008002a58      0x1e0 ./Drivers/STM32F1xx_HAL_Driver/Src/stm32f1xx_hal_tim.o
                0x0000000008002a58                HAL_TIM_IRQHandler
 .text.HAL_TIM_ConfigClockSource
                0x0000000008002c38      0x18e ./Drivers/STM32F1xx_HAL_Driver/Src/stm32f1xx_hal_tim.o
                0x0000000008002c38                HAL_TIM_ConfigClockSource
 .text.HAL_TIM_OC_DelayElapsedCallback
                0x0000000008002dc6       0x12 ./Drivers/STM32F1xx_HAL_Driver/Src/stm32f1xx_hal_tim.o
                0x0000000008002dc6                HAL_TIM_OC_DelayElapsedCallback
 .text.HAL_TIM_IC_CaptureCallback
                0x0000000008002dd8       0x12 ./Drivers/STM32F1xx_HAL_Driver/Src/stm32f1xx_hal_tim.o
                0x0000000008002dd8                HAL_TIM_IC_CaptureCallback
 .text.HAL_TIM_PWM_PulseFinishedCallback
                0x0000000008002dea       0x12 ./Drivers/STM32F1xx_HAL_Driver/Src/stm32f1xx_hal_tim.o
                0x0000000008002dea                HAL_TIM_PWM_PulseFinishedCallback
 .text.HAL_TIM_TriggerCallback
                0x0000000008002dfc       0x12 ./Drivers/STM32F1xx_HAL_Driver/Src/stm32f1xx_hal_tim.o
                0x0000000008002dfc                HAL_TIM_TriggerCallback
 *fill*         0x0000000008002e0e        0x2 
 .text.TIM_Base_SetConfig
                0x0000000008002e10       0xc8 ./Drivers/STM32F1xx_HAL_Driver/Src/stm32f1xx_hal_tim.o
                0x0000000008002e10                TIM_Base_SetConfig
 .text.TIM_TI1_ConfigInputStage
                0x0000000008002ed8       0x5c ./Drivers/STM32F1xx_HAL_Driver/Src/stm32f1xx_hal_tim.o
 .text.TIM_TI2_ConfigInputStage
                0x0000000008002f34       0x5e ./Drivers/STM32F1xx_HAL_Driver/Src/stm32f1xx_hal_tim.o
 .text.TIM_ITRx_SetConfig
                0x0000000008002f92       0x34 ./Drivers/STM32F1xx_HAL_Driver/Src/stm32f1xx_hal_tim.o
 .text.TIM_ETR_SetConfig
                0x0000000008002fc6       0x3e ./Drivers/STM32F1xx_HAL_Driver/Src/stm32f1xx_hal_tim.o
                0x0000000008002fc6                TIM_ETR_SetConfig
 .text.HAL_TIMEx_MasterConfigSynchronization
                0x0000000008003004       0xb0 ./Drivers/STM32F1xx_HAL_Driver/Src/stm32f1xx_hal_tim_ex.o
                0x0000000008003004                HAL_TIMEx_MasterConfigSynchronization
 .text.HAL_TIMEx_CommutCallback
                0x00000000080030b4       0x12 ./Drivers/STM32F1xx_HAL_Driver/Src/stm32f1xx_hal_tim_ex.o
                0x00000000080030b4                HAL_TIMEx_CommutCallback
 .text.HAL_TIMEx_BreakCallback
                0x00000000080030c6       0x12 ./Drivers/STM32F1xx_HAL_Driver/Src/stm32f1xx_hal_tim_ex.o
                0x00000000080030c6                HAL_TIMEx_BreakCallback
 .text.__libc_init_array
                0x00000000080030d8       0x48 e:/microprocessors-microcontrollers/stm32cubeide_1.7.0/stm32cubeide/plugins/com.st.stm32cube.ide.mcu.externaltools.gnu-tools-for-stm32.9-2020-q2-update.win32_2.0.0.202105311346/tools/bin/../lib/gcc/arm-none-eabi/9.3.1/../../../../arm-none-eabi/lib/thumb/v7-m/nofp\libc_nano.a(lib_a-init.o)
                0x00000000080030d8                __libc_init_array
 .text.memset   0x0000000008003120       0x10 e:/microprocessors-microcontrollers/stm32cubeide_1.7.0/stm32cubeide/plugins/com.st.stm32cube.ide.mcu.externaltools.gnu-tools-for-stm32.9-2020-q2-update.win32_2.0.0.202105311346/tools/bin/../lib/gcc/arm-none-eabi/9.3.1/../../../../arm-none-eabi/lib/thumb/v7-m/nofp\libc_nano.a(lib_a-memset.o)
                0x0000000008003120                memset
 *(.glue_7)
 .glue_7        0x0000000008003130        0x0 linker stubs
 *(.glue_7t)
 .glue_7t       0x0000000008003130        0x0 linker stubs
 *(.eh_frame)
 .eh_frame      0x0000000008003130        0x0 e:/microprocessors-microcontrollers/stm32cubeide_1.7.0/stm32cubeide/plugins/com.st.stm32cube.ide.mcu.externaltools.gnu-tools-for-stm32.9-2020-q2-update.win32_2.0.0.202105311346/tools/bin/../lib/gcc/arm-none-eabi/9.3.1/thumb/v7-m/nofp/crtbegin.o
 *(.init)
 .init          0x0000000008003130        0x4 e:/microprocessors-microcontrollers/stm32cubeide_1.7.0/stm32cubeide/plugins/com.st.stm32cube.ide.mcu.externaltools.gnu-tools-for-stm32.9-2020-q2-update.win32_2.0.0.202105311346/tools/bin/../lib/gcc/arm-none-eabi/9.3.1/thumb/v7-m/nofp/crti.o
                0x0000000008003130                _init
 .init          0x0000000008003134        0x8 e:/microprocessors-microcontrollers/stm32cubeide_1.7.0/stm32cubeide/plugins/com.st.stm32cube.ide.mcu.externaltools.gnu-tools-for-stm32.9-2020-q2-update.win32_2.0.0.202105311346/tools/bin/../lib/gcc/arm-none-eabi/9.3.1/thumb/v7-m/nofp/crtn.o
 *(.fini)
 .fini          0x000000000800313c        0x4 e:/microprocessors-microcontrollers/stm32cubeide_1.7.0/stm32cubeide/plugins/com.st.stm32cube.ide.mcu.externaltools.gnu-tools-for-stm32.9-2020-q2-update.win32_2.0.0.202105311346/tools/bin/../lib/gcc/arm-none-eabi/9.3.1/thumb/v7-m/nofp/crti.o
                0x000000000800313c                _fini
 .fini          0x0000000008003140        0x8 e:/microprocessors-microcontrollers/stm32cubeide_1.7.0/stm32cubeide/plugins/com.st.stm32cube.ide.mcu.externaltools.gnu-tools-for-stm32.9-2020-q2-update.win32_2.0.0.202105311346/tools/bin/../lib/gcc/arm-none-eabi/9.3.1/thumb/v7-m/nofp/crtn.o
                0x0000000008003148                . = ALIGN (0x4)
                0x0000000008003148                _etext = .

.vfp11_veneer   0x0000000008003148        0x0
 .vfp11_veneer  0x0000000008003148        0x0 linker stubs

.v4_bx          0x0000000008003148        0x0
 .v4_bx         0x0000000008003148        0x0 linker stubs

.iplt           0x0000000008003148        0x0
 .iplt          0x0000000008003148        0x0 e:/microprocessors-microcontrollers/stm32cubeide_1.7.0/stm32cubeide/plugins/com.st.stm32cube.ide.mcu.externaltools.gnu-tools-for-stm32.9-2020-q2-update.win32_2.0.0.202105311346/tools/bin/../lib/gcc/arm-none-eabi/9.3.1/thumb/v7-m/nofp/crtbegin.o

.rodata         0x0000000008003148       0x30
                0x0000000008003148                . = ALIGN (0x4)
 *(.rodata)
 .rodata        0x0000000008003148        0xa ./Core/Src/led7_segment.o
 *(.rodata*)
 *fill*         0x0000000008003152        0x2 
 .rodata.AHBPrescTable
                0x0000000008003154       0x10 ./Core/Src/system_stm32f1xx.o
                0x0000000008003154                AHBPrescTable
 .rodata.aPLLMULFactorTable.6032
                0x0000000008003164       0x10 ./Drivers/STM32F1xx_HAL_Driver/Src/stm32f1xx_hal_rcc.o
 .rodata.aPredivFactorTable.6033
                0x0000000008003174        0x2 ./Drivers/STM32F1xx_HAL_Driver/Src/stm32f1xx_hal_rcc.o
                0x0000000008003178                . = ALIGN (0x4)
 *fill*         0x0000000008003176        0x2 

.rel.dyn        0x0000000008003178        0x0
 .rel.iplt      0x0000000008003178        0x0 e:/microprocessors-microcontrollers/stm32cubeide_1.7.0/stm32cubeide/plugins/com.st.stm32cube.ide.mcu.externaltools.gnu-tools-for-stm32.9-2020-q2-update.win32_2.0.0.202105311346/tools/bin/../lib/gcc/arm-none-eabi/9.3.1/thumb/v7-m/nofp/crtbegin.o

.ARM.extab      0x0000000008003178        0x0
                0x0000000008003178                . = ALIGN (0x4)
 *(.ARM.extab* .gnu.linkonce.armextab.*)
                0x0000000008003178                . = ALIGN (0x4)

.ARM            0x0000000008003178        0x0
                0x0000000008003178                . = ALIGN (0x4)
                0x0000000008003178                __exidx_start = .
 *(.ARM.exidx*)
                0x0000000008003178                __exidx_end = .
                0x0000000008003178                . = ALIGN (0x4)

.preinit_array  0x0000000008003178        0x0
                0x0000000008003178                . = ALIGN (0x4)
                0x0000000008003178                PROVIDE (__preinit_array_start = .)
 *(.preinit_array*)
                0x0000000008003178                PROVIDE (__preinit_array_end = .)
                0x0000000008003178                . = ALIGN (0x4)

.init_array     0x0000000008003178        0x4
                0x0000000008003178                . = ALIGN (0x4)
                0x0000000008003178                PROVIDE (__init_array_start = .)
 *(SORT_BY_NAME(.init_array.*))
 *(.init_array*)
 .init_array    0x0000000008003178        0x4 e:/microprocessors-microcontrollers/stm32cubeide_1.7.0/stm32cubeide/plugins/com.st.stm32cube.ide.mcu.externaltools.gnu-tools-for-stm32.9-2020-q2-update.win32_2.0.0.202105311346/tools/bin/../lib/gcc/arm-none-eabi/9.3.1/thumb/v7-m/nofp/crtbegin.o
                0x000000000800317c                PROVIDE (__init_array_end = .)
                0x000000000800317c                . = ALIGN (0x4)

.fini_array     0x000000000800317c        0x4
                0x000000000800317c                . = ALIGN (0x4)
                [!provide]                        PROVIDE (__fini_array_start = .)
 *(SORT_BY_NAME(.fini_array.*))
 *(.fini_array*)
 .fini_array    0x000000000800317c        0x4 e:/microprocessors-microcontrollers/stm32cubeide_1.7.0/stm32cubeide/plugins/com.st.stm32cube.ide.mcu.externaltools.gnu-tools-for-stm32.9-2020-q2-update.win32_2.0.0.202105311346/tools/bin/../lib/gcc/arm-none-eabi/9.3.1/thumb/v7-m/nofp/crtbegin.o
                [!provide]                        PROVIDE (__fini_array_end = .)
                0x0000000008003180                . = ALIGN (0x4)
                0x0000000008003180                _sidata = LOADADDR (.data)

.data           0x0000000020000000       0x74 load address 0x0000000008003180
                0x0000000020000000                . = ALIGN (0x4)
                0x0000000020000000                _sdata = .
 *(.data)
 *(.data*)
 .data.KeyReg0  0x0000000020000000        0xc ./Core/Src/button.o
                0x0000000020000000                KeyReg0
 .data.KeyReg1  0x000000002000000c        0xc ./Core/Src/button.o
                0x000000002000000c                KeyReg1
 .data.KeyReg2  0x0000000020000018        0xc ./Core/Src/button.o
                0x0000000020000018                KeyReg2
 .data.KeyReg3  0x0000000020000024        0xc ./Core/Src/button.o
                0x0000000020000024                KeyReg3
 .data.TimerForKeyPress
                0x0000000020000030        0xc ./Core/Src/button.o
                0x0000000020000030                TimerForKeyPress
 .data.Button_GPIO_Port
                0x000000002000003c        0xc ./Core/Src/button.o
                0x000000002000003c                Button_GPIO_Port
 .data.Button_Pin
                0x0000000020000048        0x6 ./Core/Src/button.o
                0x0000000020000048                Button_Pin
 *fill*         0x000000002000004e        0x2 
 .data.counterred13
                0x0000000020000050        0x4 ./Core/Src/led7_segment.o
                0x0000000020000050                counterred13
 .data.counteryellow13
                0x0000000020000054        0x4 ./Core/Src/led7_segment.o
                0x0000000020000054                counteryellow13
 .data.countergreen13
                0x0000000020000058        0x4 ./Core/Src/led7_segment.o
                0x0000000020000058                countergreen13
 .data.a        0x000000002000005c        0x4 ./Core/Src/led7_segment.o
                0x000000002000005c                a
 .data.b        0x0000000020000060        0x4 ./Core/Src/led7_segment.o
                0x0000000020000060                b
 .data.c        0x0000000020000064        0x4 ./Core/Src/led7_segment.o
                0x0000000020000064                c
 .data.SystemCoreClock
                0x0000000020000068        0x4 ./Core/Src/system_stm32f1xx.o
                0x0000000020000068                SystemCoreClock
 .data.uwTickPrio
                0x000000002000006c        0x4 ./Drivers/STM32F1xx_HAL_Driver/Src/stm32f1xx_hal.o
                0x000000002000006c                uwTickPrio
 .data.uwTickFreq
                0x0000000020000070        0x1 ./Drivers/STM32F1xx_HAL_Driver/Src/stm32f1xx_hal.o
                0x0000000020000070                uwTickFreq
 *(.RamFunc)
 *(.RamFunc*)
                0x0000000020000074                . = ALIGN (0x4)
 *fill*         0x0000000020000071        0x3 
                0x0000000020000074                _edata = .

.igot.plt       0x0000000020000074        0x0 load address 0x00000000080031f4
 .igot.plt      0x0000000020000074        0x0 e:/microprocessors-microcontrollers/stm32cubeide_1.7.0/stm32cubeide/plugins/com.st.stm32cube.ide.mcu.externaltools.gnu-tools-for-stm32.9-2020-q2-update.win32_2.0.0.202105311346/tools/bin/../lib/gcc/arm-none-eabi/9.3.1/thumb/v7-m/nofp/crtbegin.o
                0x0000000020000074                . = ALIGN (0x4)

.bss            0x0000000020000074       0xec load address 0x00000000080031f4
                0x0000000020000074                _sbss = .
                0x0000000020000074                __bss_start__ = _sbss
 *(.bss)
 .bss           0x0000000020000074       0x1c e:/microprocessors-microcontrollers/stm32cubeide_1.7.0/stm32cubeide/plugins/com.st.stm32cube.ide.mcu.externaltools.gnu-tools-for-stm32.9-2020-q2-update.win32_2.0.0.202105311346/tools/bin/../lib/gcc/arm-none-eabi/9.3.1/thumb/v7-m/nofp/crtbegin.o
 *(.bss*)
 .bss.Button_flag
                0x0000000020000090        0xc ./Core/Src/button.o
                0x0000000020000090                Button_flag
 .bss.counter   0x000000002000009c        0x4 ./Core/Src/fsm_automatic.o
                0x000000002000009c                counter
 .bss.checkstatus
                0x00000000200000a0        0x4 ./Core/Src/fsm_automatic.o
                0x00000000200000a0                checkstatus
 .bss.check     0x00000000200000a4        0x4 ./Core/Src/fsm_automatic.o
                0x00000000200000a4                check
 .bss.checksave
                0x00000000200000a8        0x4 ./Core/Src/fsm_automatic.o
                0x00000000200000a8                checksave
 .bss.status    0x00000000200000ac        0x4 ./Core/Src/global.o
                0x00000000200000ac                status
 .bss.idx_led13
                0x00000000200000b0        0x4 ./Core/Src/led7_segment.o
                0x00000000200000b0                idx_led13
 *(COMMON)
 COMMON         0x00000000200000b4       0x10 ./Core/Src/led7_segment.o
                0x00000000200000b4                savecountergreen13
                0x00000000200000b8                checkcountergreen
                0x00000000200000bc                checkcounterred
                0x00000000200000c0                savecounterred13
 COMMON         0x00000000200000c4       0x48 ./Core/Src/main.o
                0x00000000200000c4                htim2
 COMMON         0x000000002000010c       0x50 ./Core/Src/software_timer.o
                0x000000002000010c                timer_counter
                0x0000000020000134                timer_flag
 COMMON         0x000000002000015c        0x4 ./Drivers/STM32F1xx_HAL_Driver/Src/stm32f1xx_hal.o
                0x000000002000015c                uwTick
                0x0000000020000160                . = ALIGN (0x4)
                0x0000000020000160                _ebss = .
                0x0000000020000160                __bss_end__ = _ebss

._user_heap_stack
                0x0000000020000160      0x600 load address 0x00000000080031f4
                0x0000000020000160                . = ALIGN (0x8)
                [!provide]                        PROVIDE (end = .)
                0x0000000020000160                PROVIDE (_end = .)
                0x0000000020000360                . = (. + _Min_Heap_Size)
 *fill*         0x0000000020000160      0x200 
                0x0000000020000760                . = (. + _Min_Stack_Size)
 *fill*         0x0000000020000360      0x400 
                0x0000000020000760                . = ALIGN (0x8)

/DISCARD/
 libc.a(*)
 libm.a(*)
 libgcc.a(*)

.ARM.attributes
                0x0000000000000000       0x29
 *(.ARM.attributes)
 .ARM.attributes
                0x0000000000000000       0x1d e:/microprocessors-microcontrollers/stm32cubeide_1.7.0/stm32cubeide/plugins/com.st.stm32cube.ide.mcu.externaltools.gnu-tools-for-stm32.9-2020-q2-update.win32_2.0.0.202105311346/tools/bin/../lib/gcc/arm-none-eabi/9.3.1/thumb/v7-m/nofp/crti.o
 .ARM.attributes
                0x000000000000001d       0x2d e:/microprocessors-microcontrollers/stm32cubeide_1.7.0/stm32cubeide/plugins/com.st.stm32cube.ide.mcu.externaltools.gnu-tools-for-stm32.9-2020-q2-update.win32_2.0.0.202105311346/tools/bin/../lib/gcc/arm-none-eabi/9.3.1/thumb/v7-m/nofp/crtbegin.o
 .ARM.attributes
                0x000000000000004a       0x2d ./Core/Src/button.o
 .ARM.attributes
                0x0000000000000077       0x2d ./Core/Src/fsm_automatic.o
 .ARM.attributes
                0x00000000000000a4       0x2d ./Core/Src/fsm_manual.o
 .ARM.attributes
                0x00000000000000d1       0x2d ./Core/Src/fsm_setting.o
 .ARM.attributes
                0x00000000000000fe       0x33 ./Core/Src/global.o
 .ARM.attributes
                0x0000000000000131       0x2d ./Core/Src/led7_segment.o
 .ARM.attributes
                0x000000000000015e       0x2d ./Core/Src/main.o
 .ARM.attributes
                0x000000000000018b       0x2d ./Core/Src/software_timer.o
 .ARM.attributes
                0x00000000000001b8       0x2d ./Core/Src/stm32f1xx_hal_msp.o
 .ARM.attributes
                0x00000000000001e5       0x2d ./Core/Src/stm32f1xx_it.o
 .ARM.attributes
                0x0000000000000212       0x2d ./Core/Src/system_stm32f1xx.o
 .ARM.attributes
                0x000000000000023f       0x2d ./Core/Src/traffic_light.o
 .ARM.attributes
                0x000000000000026c       0x21 ./Core/Startup/startup_stm32f103c6ux.o
 .ARM.attributes
                0x000000000000028d       0x2d ./Drivers/STM32F1xx_HAL_Driver/Src/stm32f1xx_hal.o
 .ARM.attributes
                0x00000000000002ba       0x2d ./Drivers/STM32F1xx_HAL_Driver/Src/stm32f1xx_hal_cortex.o
 .ARM.attributes
                0x00000000000002e7       0x2d ./Drivers/STM32F1xx_HAL_Driver/Src/stm32f1xx_hal_gpio.o
 .ARM.attributes
                0x0000000000000314       0x2d ./Drivers/STM32F1xx_HAL_Driver/Src/stm32f1xx_hal_rcc.o
 .ARM.attributes
                0x0000000000000341       0x2d ./Drivers/STM32F1xx_HAL_Driver/Src/stm32f1xx_hal_tim.o
 .ARM.attributes
                0x000000000000036e       0x2d ./Drivers/STM32F1xx_HAL_Driver/Src/stm32f1xx_hal_tim_ex.o
 .ARM.attributes
                0x000000000000039b       0x2d e:/microprocessors-microcontrollers/stm32cubeide_1.7.0/stm32cubeide/plugins/com.st.stm32cube.ide.mcu.externaltools.gnu-tools-for-stm32.9-2020-q2-update.win32_2.0.0.202105311346/tools/bin/../lib/gcc/arm-none-eabi/9.3.1/../../../../arm-none-eabi/lib/thumb/v7-m/nofp\libc_nano.a(lib_a-init.o)
 .ARM.attributes
                0x00000000000003c8       0x2d e:/microprocessors-microcontrollers/stm32cubeide_1.7.0/stm32cubeide/plugins/com.st.stm32cube.ide.mcu.externaltools.gnu-tools-for-stm32.9-2020-q2-update.win32_2.0.0.202105311346/tools/bin/../lib/gcc/arm-none-eabi/9.3.1/../../../../arm-none-eabi/lib/thumb/v7-m/nofp\libc_nano.a(lib_a-memset.o)
 .ARM.attributes
                0x00000000000003f5       0x1d e:/microprocessors-microcontrollers/stm32cubeide_1.7.0/stm32cubeide/plugins/com.st.stm32cube.ide.mcu.externaltools.gnu-tools-for-stm32.9-2020-q2-update.win32_2.0.0.202105311346/tools/bin/../lib/gcc/arm-none-eabi/9.3.1/thumb/v7-m/nofp/crtn.o
OUTPUT(LAB3_Exercise.elf elf32-littlearm)
LOAD linker stubs
LOAD e:/microprocessors-microcontrollers/stm32cubeide_1.7.0/stm32cubeide/plugins/com.st.stm32cube.ide.mcu.externaltools.gnu-tools-for-stm32.9-2020-q2-update.win32_2.0.0.202105311346/tools/bin/../lib/gcc/arm-none-eabi/9.3.1/../../../../arm-none-eabi/lib/thumb/v7-m/nofp\libc.a
LOAD e:/microprocessors-microcontrollers/stm32cubeide_1.7.0/stm32cubeide/plugins/com.st.stm32cube.ide.mcu.externaltools.gnu-tools-for-stm32.9-2020-q2-update.win32_2.0.0.202105311346/tools/bin/../lib/gcc/arm-none-eabi/9.3.1/../../../../arm-none-eabi/lib/thumb/v7-m/nofp\libm.a
LOAD e:/microprocessors-microcontrollers/stm32cubeide_1.7.0/stm32cubeide/plugins/com.st.stm32cube.ide.mcu.externaltools.gnu-tools-for-stm32.9-2020-q2-update.win32_2.0.0.202105311346/tools/bin/../lib/gcc/arm-none-eabi/9.3.1/thumb/v7-m/nofp\libgcc.a

.debug_info     0x0000000000000000     0x9e65
 .debug_info    0x0000000000000000      0x36d ./Core/Src/button.o
 .debug_info    0x000000000000036d      0x2b4 ./Core/Src/fsm_automatic.o
 .debug_info    0x0000000000000621      0x30e ./Core/Src/fsm_manual.o
 .debug_info    0x000000000000092f      0x30e ./Core/Src/fsm_setting.o
 .debug_info    0x0000000000000c3d      0x270 ./Core/Src/global.o
 .debug_info    0x0000000000000ead      0x503 ./Core/Src/led7_segment.o
 .debug_info    0x00000000000013b0      0xcaf ./Core/Src/main.o
 .debug_info    0x000000000000205f      0x23d ./Core/Src/software_timer.o
 .debug_info    0x000000000000229c      0xa09 ./Core/Src/stm32f1xx_hal_msp.o
 .debug_info    0x0000000000002ca5      0x7b9 ./Core/Src/stm32f1xx_it.o
 .debug_info    0x000000000000345e      0x2be ./Core/Src/system_stm32f1xx.o
 .debug_info    0x000000000000371c      0x2d8 ./Core/Src/traffic_light.o
 .debug_info    0x00000000000039f4       0x22 ./Core/Startup/startup_stm32f103c6ux.o
 .debug_info    0x0000000000003a16      0x74c ./Drivers/STM32F1xx_HAL_Driver/Src/stm32f1xx_hal.o
 .debug_info    0x0000000000004162      0xbbe ./Drivers/STM32F1xx_HAL_Driver/Src/stm32f1xx_hal_cortex.o
 .debug_info    0x0000000000004d20      0x701 ./Drivers/STM32F1xx_HAL_Driver/Src/stm32f1xx_hal_gpio.o
 .debug_info    0x0000000000005421      0x893 ./Drivers/STM32F1xx_HAL_Driver/Src/stm32f1xx_hal_rcc.o
 .debug_info    0x0000000000005cb4     0x2c32 ./Drivers/STM32F1xx_HAL_Driver/Src/stm32f1xx_hal_tim.o
 .debug_info    0x00000000000088e6     0x157f ./Drivers/STM32F1xx_HAL_Driver/Src/stm32f1xx_hal_tim_ex.o

.debug_abbrev   0x0000000000000000     0x1e06
 .debug_abbrev  0x0000000000000000      0x177 ./Core/Src/button.o
 .debug_abbrev  0x0000000000000177       0xd8 ./Core/Src/fsm_automatic.o
 .debug_abbrev  0x000000000000024f      0x109 ./Core/Src/fsm_manual.o
 .debug_abbrev  0x0000000000000358      0x109 ./Core/Src/fsm_setting.o
 .debug_abbrev  0x0000000000000461       0xbc ./Core/Src/global.o
 .debug_abbrev  0x000000000000051d      0x19d ./Core/Src/led7_segment.o
 .debug_abbrev  0x00000000000006ba      0x273 ./Core/Src/main.o
 .debug_abbrev  0x000000000000092d      0x12e ./Core/Src/software_timer.o
 .debug_abbrev  0x0000000000000a5b      0x1b7 ./Core/Src/stm32f1xx_hal_msp.o
 .debug_abbrev  0x0000000000000c12      0x176 ./Core/Src/stm32f1xx_it.o
 .debug_abbrev  0x0000000000000d88      0x14e ./Core/Src/system_stm32f1xx.o
 .debug_abbrev  0x0000000000000ed6       0xff ./Core/Src/traffic_light.o
 .debug_abbrev  0x0000000000000fd5       0x12 ./Core/Startup/startup_stm32f103c6ux.o
 .debug_abbrev  0x0000000000000fe7      0x1ed ./Drivers/STM32F1xx_HAL_Driver/Src/stm32f1xx_hal.o
 .debug_abbrev  0x00000000000011d4      0x313 ./Drivers/STM32F1xx_HAL_Driver/Src/stm32f1xx_hal_cortex.o
 .debug_abbrev  0x00000000000014e7      0x1e8 ./Drivers/STM32F1xx_HAL_Driver/Src/stm32f1xx_hal_gpio.o
 .debug_abbrev  0x00000000000016cf      0x273 ./Drivers/STM32F1xx_HAL_Driver/Src/stm32f1xx_hal_rcc.o
 .debug_abbrev  0x0000000000001942      0x25e ./Drivers/STM32F1xx_HAL_Driver/Src/stm32f1xx_hal_tim.o
 .debug_abbrev  0x0000000000001ba0      0x266 ./Drivers/STM32F1xx_HAL_Driver/Src/stm32f1xx_hal_tim_ex.o

.debug_aranges  0x0000000000000000      0xac8
 .debug_aranges
                0x0000000000000000       0x30 ./Core/Src/button.o
 .debug_aranges
                0x0000000000000030       0x20 ./Core/Src/fsm_automatic.o
 .debug_aranges
                0x0000000000000050       0x20 ./Core/Src/fsm_manual.o
 .debug_aranges
                0x0000000000000070       0x20 ./Core/Src/fsm_setting.o
 .debug_aranges
                0x0000000000000090       0x18 ./Core/Src/global.o
 .debug_aranges
                0x00000000000000a8       0x60 ./Core/Src/led7_segment.o
 .debug_aranges
                0x0000000000000108       0x50 ./Core/Src/main.o
 .debug_aranges
                0x0000000000000158       0x30 ./Core/Src/software_timer.o
 .debug_aranges
                0x0000000000000188       0x30 ./Core/Src/stm32f1xx_hal_msp.o
 .debug_aranges
                0x00000000000001b8       0x68 ./Core/Src/stm32f1xx_it.o
 .debug_aranges
                0x0000000000000220       0x28 ./Core/Src/system_stm32f1xx.o
 .debug_aranges
                0x0000000000000248       0x58 ./Core/Src/traffic_light.o
 .debug_aranges
                0x00000000000002a0       0x28 ./Core/Startup/startup_stm32f103c6ux.o
 .debug_aranges
                0x00000000000002c8       0xe0 ./Drivers/STM32F1xx_HAL_Driver/Src/stm32f1xx_hal.o
 .debug_aranges
                0x00000000000003a8      0x100 ./Drivers/STM32F1xx_HAL_Driver/Src/stm32f1xx_hal_cortex.o
 .debug_aranges
                0x00000000000004a8       0x58 ./Drivers/STM32F1xx_HAL_Driver/Src/stm32f1xx_hal_gpio.o
 .debug_aranges
                0x0000000000000500       0x90 ./Drivers/STM32F1xx_HAL_Driver/Src/stm32f1xx_hal_rcc.o
 .debug_aranges
                0x0000000000000590      0x3d0 ./Drivers/STM32F1xx_HAL_Driver/Src/stm32f1xx_hal_tim.o
 .debug_aranges
                0x0000000000000960      0x168 ./Drivers/STM32F1xx_HAL_Driver/Src/stm32f1xx_hal_tim_ex.o

.debug_ranges   0x0000000000000000      0x998
 .debug_ranges  0x0000000000000000       0x20 ./Core/Src/button.o
 .debug_ranges  0x0000000000000020       0x10 ./Core/Src/fsm_automatic.o
 .debug_ranges  0x0000000000000030       0x10 ./Core/Src/fsm_manual.o
 .debug_ranges  0x0000000000000040       0x10 ./Core/Src/fsm_setting.o
 .debug_ranges  0x0000000000000050       0x50 ./Core/Src/led7_segment.o
 .debug_ranges  0x00000000000000a0       0x40 ./Core/Src/main.o
 .debug_ranges  0x00000000000000e0       0x20 ./Core/Src/software_timer.o
 .debug_ranges  0x0000000000000100       0x20 ./Core/Src/stm32f1xx_hal_msp.o
 .debug_ranges  0x0000000000000120       0x58 ./Core/Src/stm32f1xx_it.o
 .debug_ranges  0x0000000000000178       0x18 ./Core/Src/system_stm32f1xx.o
 .debug_ranges  0x0000000000000190       0x48 ./Core/Src/traffic_light.o
 .debug_ranges  0x00000000000001d8       0x20 ./Core/Startup/startup_stm32f103c6ux.o
 .debug_ranges  0x00000000000001f8       0xd0 ./Drivers/STM32F1xx_HAL_Driver/Src/stm32f1xx_hal.o
 .debug_ranges  0x00000000000002c8       0xf0 ./Drivers/STM32F1xx_HAL_Driver/Src/stm32f1xx_hal_cortex.o
 .debug_ranges  0x00000000000003b8       0x48 ./Drivers/STM32F1xx_HAL_Driver/Src/stm32f1xx_hal_gpio.o
 .debug_ranges  0x0000000000000400       0x80 ./Drivers/STM32F1xx_HAL_Driver/Src/stm32f1xx_hal_rcc.o
 .debug_ranges  0x0000000000000480      0x3c0 ./Drivers/STM32F1xx_HAL_Driver/Src/stm32f1xx_hal_tim.o
 .debug_ranges  0x0000000000000840      0x158 ./Drivers/STM32F1xx_HAL_Driver/Src/stm32f1xx_hal_tim_ex.o

.debug_macro    0x0000000000000000    0x172e9
 .debug_macro   0x0000000000000000      0x1c1 ./Core/Src/button.o
 .debug_macro   0x00000000000001c1      0xa9c ./Core/Src/button.o
 .debug_macro   0x0000000000000c5d      0x215 ./Core/Src/button.o
 .debug_macro   0x0000000000000e72       0x2e ./Core/Src/button.o
 .debug_macro   0x0000000000000ea0       0x22 ./Core/Src/button.o
 .debug_macro   0x0000000000000ec2       0x22 ./Core/Src/button.o
 .debug_macro   0x0000000000000ee4       0x8e ./Core/Src/button.o
 .debug_macro   0x0000000000000f72       0x51 ./Core/Src/button.o
 .debug_macro   0x0000000000000fc3      0x103 ./Core/Src/button.o
 .debug_macro   0x00000000000010c6       0x6a ./Core/Src/button.o
 .debug_macro   0x0000000000001130      0x1df ./Core/Src/button.o
 .debug_macro   0x000000000000130f       0x1c ./Core/Src/button.o
 .debug_macro   0x000000000000132b       0x22 ./Core/Src/button.o
 .debug_macro   0x000000000000134d       0xc3 ./Core/Src/button.o
 .debug_macro   0x0000000000001410      0xd23 ./Core/Src/button.o
 .debug_macro   0x0000000000002133     0xde75 ./Core/Src/button.o
 .debug_macro   0x000000000000ffa8       0x6d ./Core/Src/button.o
 .debug_macro   0x0000000000010015     0x34a2 ./Core/Src/button.o
 .debug_macro   0x00000000000134b7      0x174 ./Core/Src/button.o
 .debug_macro   0x000000000001362b       0x5c ./Core/Src/button.o
 .debug_macro   0x0000000000013687      0x5bc ./Core/Src/button.o
 .debug_macro   0x0000000000013c43      0x1b7 ./Core/Src/button.o
 .debug_macro   0x0000000000013dfa      0x1cb ./Core/Src/button.o
 .debug_macro   0x0000000000013fc5      0x114 ./Core/Src/button.o
 .debug_macro   0x00000000000140d9      0x1b2 ./Core/Src/button.o
 .debug_macro   0x000000000001428b       0x27 ./Core/Src/button.o
 .debug_macro   0x00000000000142b2      0x12f ./Core/Src/button.o
 .debug_macro   0x00000000000143e1      0x1bc ./Core/Src/button.o
 .debug_macro   0x000000000001459d       0x34 ./Core/Src/button.o
 .debug_macro   0x00000000000145d1       0x3c ./Core/Src/button.o
 .debug_macro   0x000000000001460d       0x57 ./Core/Src/button.o
 .debug_macro   0x0000000000014664       0x87 ./Core/Src/button.o
 .debug_macro   0x00000000000146eb      0x183 ./Core/Src/button.o
 .debug_macro   0x000000000001486e      0x140 ./Core/Src/button.o
 .debug_macro   0x00000000000149ae      0x8ed ./Core/Src/button.o
 .debug_macro   0x000000000001529b       0x69 ./Core/Src/button.o
 .debug_macro   0x0000000000015304      0x154 ./Core/Src/button.o
 .debug_macro   0x0000000000015458       0x10 ./Core/Src/button.o
 .debug_macro   0x0000000000015468      0x1f8 ./Core/Src/fsm_automatic.o
 .debug_macro   0x0000000000015660       0x16 ./Core/Src/fsm_automatic.o
 .debug_macro   0x0000000000015676       0x46 ./Core/Src/fsm_automatic.o
 .debug_macro   0x00000000000156bc      0x1f8 ./Core/Src/fsm_manual.o
 .debug_macro   0x00000000000158b4      0x1fe ./Core/Src/fsm_setting.o
 .debug_macro   0x0000000000015ab2      0x1f4 ./Core/Src/global.o
 .debug_macro   0x0000000000015ca6      0x1b0 ./Core/Src/led7_segment.o
 .debug_macro   0x0000000000015e56      0x20e ./Core/Src/main.o
 .debug_macro   0x0000000000016064      0x1bc ./Core/Src/software_timer.o
 .debug_macro   0x0000000000016220      0x1a6 ./Core/Src/stm32f1xx_hal_msp.o
 .debug_macro   0x00000000000163c6      0x1b0 ./Core/Src/stm32f1xx_it.o
 .debug_macro   0x0000000000016576      0x197 ./Core/Src/system_stm32f1xx.o
 .debug_macro   0x000000000001670d      0x1b0 ./Core/Src/traffic_light.o
 .debug_macro   0x00000000000168bd      0x1bb ./Drivers/STM32F1xx_HAL_Driver/Src/stm32f1xx_hal.o
 .debug_macro   0x0000000000016a78      0x197 ./Drivers/STM32F1xx_HAL_Driver/Src/stm32f1xx_hal_cortex.o
 .debug_macro   0x0000000000016c0f      0x202 ./Drivers/STM32F1xx_HAL_Driver/Src/stm32f1xx_hal_gpio.o
 .debug_macro   0x0000000000016e11      0x1a9 ./Drivers/STM32F1xx_HAL_Driver/Src/stm32f1xx_hal_rcc.o
 .debug_macro   0x0000000000016fba      0x198 ./Drivers/STM32F1xx_HAL_Driver/Src/stm32f1xx_hal_tim.o
 .debug_macro   0x0000000000017152      0x197 ./Drivers/STM32F1xx_HAL_Driver/Src/stm32f1xx_hal_tim_ex.o

.debug_line     0x0000000000000000     0xe2df
 .debug_line    0x0000000000000000      0x810 ./Core/Src/button.o
 .debug_line    0x0000000000000810      0x909 ./Core/Src/fsm_automatic.o
 .debug_line    0x0000000000001119      0x910 ./Core/Src/fsm_manual.o
 .debug_line    0x0000000000001a29      0x95b ./Core/Src/fsm_setting.o
 .debug_line    0x0000000000002384      0x7ba ./Core/Src/global.o
 .debug_line    0x0000000000002b3e      0x9a8 ./Core/Src/led7_segment.o
 .debug_line    0x00000000000034e6      0x934 ./Core/Src/main.o
 .debug_line    0x0000000000003e1a      0x7e1 ./Core/Src/software_timer.o
 .debug_line    0x00000000000045fb      0x7a6 ./Core/Src/stm32f1xx_hal_msp.o
 .debug_line    0x0000000000004da1      0x844 ./Core/Src/stm32f1xx_it.o
 .debug_line    0x00000000000055e5      0x7e8 ./Core/Src/system_stm32f1xx.o
 .debug_line    0x0000000000005dcd      0x830 ./Core/Src/traffic_light.o
 .debug_line    0x00000000000065fd       0x86 ./Core/Startup/startup_stm32f103c6ux.o
 .debug_line    0x0000000000006683      0xa15 ./Drivers/STM32F1xx_HAL_Driver/Src/stm32f1xx_hal.o
 .debug_line    0x0000000000007098      0xbfd ./Drivers/STM32F1xx_HAL_Driver/Src/stm32f1xx_hal_cortex.o
 .debug_line    0x0000000000007c95      0xa98 ./Drivers/STM32F1xx_HAL_Driver/Src/stm32f1xx_hal_gpio.o
 .debug_line    0x000000000000872d      0xe21 ./Drivers/STM32F1xx_HAL_Driver/Src/stm32f1xx_hal_rcc.o
 .debug_line    0x000000000000954e     0x3466 ./Drivers/STM32F1xx_HAL_Driver/Src/stm32f1xx_hal_tim.o
 .debug_line    0x000000000000c9b4     0x192b ./Drivers/STM32F1xx_HAL_Driver/Src/stm32f1xx_hal_tim_ex.o

.debug_str      0x0000000000000000    0x8279c
 .debug_str     0x0000000000000000    0x7f9c7 ./Core/Src/button.o
                                      0x7fd1a (size before relaxing)
 .debug_str     0x000000000007f9c7      0x20a ./Core/Src/fsm_automatic.o
                                      0x7fe5e (size before relaxing)
 .debug_str     0x000000000007fbd1       0x28 ./Core/Src/fsm_manual.o
                                      0x7fe83 (size before relaxing)
 .debug_str     0x000000000007fbf9       0x3e ./Core/Src/fsm_setting.o
                                      0x7fe99 (size before relaxing)
 .debug_str     0x000000000007fc37       0x15 ./Core/Src/global.o
                                      0x7fe45 (size before relaxing)
 .debug_str     0x000000000007fc4c       0xfd ./Core/Src/led7_segment.o
                                      0x7fe12 (size before relaxing)
 .debug_str     0x000000000007fd49      0x6e6 ./Core/Src/main.o
                                      0x80621 (size before relaxing)
 .debug_str     0x000000000008042f       0x74 ./Core/Src/software_timer.o
                                      0x7fc6a (size before relaxing)
 .debug_str     0x00000000000804a3      0x2ba ./Core/Src/stm32f1xx_hal_msp.o
                                      0x803f8 (size before relaxing)
 .debug_str     0x000000000008075d       0xcd ./Core/Src/stm32f1xx_it.o
                                      0x8015a (size before relaxing)
 .debug_str     0x000000000008082a       0x52 ./Core/Src/system_stm32f1xx.o
                                      0x7f76b (size before relaxing)
 .debug_str     0x000000000008087c       0xa7 ./Core/Src/traffic_light.o
                                      0x7fcdd (size before relaxing)
 .debug_str     0x0000000000080923       0x36 ./Core/Startup/startup_stm32f103c6ux.o
                                         0x5f (size before relaxing)
 .debug_str     0x0000000000080959      0x304 ./Drivers/STM32F1xx_HAL_Driver/Src/stm32f1xx_hal.o
                                      0x7fdc2 (size before relaxing)
 .debug_str     0x0000000000080c5d      0x300 ./Drivers/STM32F1xx_HAL_Driver/Src/stm32f1xx_hal_cortex.o
                                      0x7fdca (size before relaxing)
 .debug_str     0x0000000000080f5d      0x324 ./Drivers/STM32F1xx_HAL_Driver/Src/stm32f1xx_hal_gpio.o
                                      0x7fb2f (size before relaxing)
 .debug_str     0x0000000000081281      0x24f ./Drivers/STM32F1xx_HAL_Driver/Src/stm32f1xx_hal_rcc.o
                                      0x7fb68 (size before relaxing)
 .debug_str     0x00000000000814d0      0xdde ./Drivers/STM32F1xx_HAL_Driver/Src/stm32f1xx_hal_tim.o
                                      0x80b51 (size before relaxing)
 .debug_str     0x00000000000822ae      0x4ee ./Drivers/STM32F1xx_HAL_Driver/Src/stm32f1xx_hal_tim_ex.o
                                      0x802f2 (size before relaxing)

.comment        0x0000000000000000       0x53
 .comment       0x0000000000000000       0x53 ./Core/Src/button.o
                                         0x54 (size before relaxing)
 .comment       0x0000000000000053       0x54 ./Core/Src/fsm_automatic.o
 .comment       0x0000000000000053       0x54 ./Core/Src/fsm_manual.o
 .comment       0x0000000000000053       0x54 ./Core/Src/fsm_setting.o
 .comment       0x0000000000000053       0x54 ./Core/Src/global.o
 .comment       0x0000000000000053       0x54 ./Core/Src/led7_segment.o
 .comment       0x0000000000000053       0x54 ./Core/Src/main.o
 .comment       0x0000000000000053       0x54 ./Core/Src/software_timer.o
 .comment       0x0000000000000053       0x54 ./Core/Src/stm32f1xx_hal_msp.o
 .comment       0x0000000000000053       0x54 ./Core/Src/stm32f1xx_it.o
 .comment       0x0000000000000053       0x54 ./Core/Src/system_stm32f1xx.o
 .comment       0x0000000000000053       0x54 ./Core/Src/traffic_light.o
 .comment       0x0000000000000053       0x54 ./Drivers/STM32F1xx_HAL_Driver/Src/stm32f1xx_hal.o
 .comment       0x0000000000000053       0x54 ./Drivers/STM32F1xx_HAL_Driver/Src/stm32f1xx_hal_cortex.o
 .comment       0x0000000000000053       0x54 ./Drivers/STM32F1xx_HAL_Driver/Src/stm32f1xx_hal_gpio.o
 .comment       0x0000000000000053       0x54 ./Drivers/STM32F1xx_HAL_Driver/Src/stm32f1xx_hal_rcc.o
 .comment       0x0000000000000053       0x54 ./Drivers/STM32F1xx_HAL_Driver/Src/stm32f1xx_hal_tim.o
 .comment       0x0000000000000053       0x54 ./Drivers/STM32F1xx_HAL_Driver/Src/stm32f1xx_hal_tim_ex.o

.debug_frame    0x0000000000000000     0x2980
 .debug_frame   0x0000000000000000       0x84 ./Core/Src/button.o
 .debug_frame   0x0000000000000084       0x2c ./Core/Src/fsm_automatic.o
 .debug_frame   0x00000000000000b0       0x2c ./Core/Src/fsm_manual.o
 .debug_frame   0x00000000000000dc       0x2c ./Core/Src/fsm_setting.o
 .debug_frame   0x0000000000000108      0x120 ./Core/Src/led7_segment.o
 .debug_frame   0x0000000000000228       0xf0 ./Core/Src/main.o
 .debug_frame   0x0000000000000318       0x88 ./Core/Src/software_timer.o
 .debug_frame   0x00000000000003a0       0x80 ./Core/Src/stm32f1xx_hal_msp.o
 .debug_frame   0x0000000000000420      0x120 ./Core/Src/stm32f1xx_it.o
 .debug_frame   0x0000000000000540       0x58 ./Core/Src/system_stm32f1xx.o
 .debug_frame   0x0000000000000598       0xf0 ./Core/Src/traffic_light.o
 .debug_frame   0x0000000000000688      0x334 ./Drivers/STM32F1xx_HAL_Driver/Src/stm32f1xx_hal.o
 .debug_frame   0x00000000000009bc      0x428 ./Drivers/STM32F1xx_HAL_Driver/Src/stm32f1xx_hal_cortex.o
 .debug_frame   0x0000000000000de4      0x14c ./Drivers/STM32F1xx_HAL_Driver/Src/stm32f1xx_hal_gpio.o
 .debug_frame   0x0000000000000f30      0x218 ./Drivers/STM32F1xx_HAL_Driver/Src/stm32f1xx_hal_rcc.o
 .debug_frame   0x0000000000001148     0x11b4 ./Drivers/STM32F1xx_HAL_Driver/Src/stm32f1xx_hal_tim.o
 .debug_frame   0x00000000000022fc      0x638 ./Drivers/STM32F1xx_HAL_Driver/Src/stm32f1xx_hal_tim_ex.o
 .debug_frame   0x0000000000002934       0x2c e:/microprocessors-microcontrollers/stm32cubeide_1.7.0/stm32cubeide/plugins/com.st.stm32cube.ide.mcu.externaltools.gnu-tools-for-stm32.9-2020-q2-update.win32_2.0.0.202105311346/tools/bin/../lib/gcc/arm-none-eabi/9.3.1/../../../../arm-none-eabi/lib/thumb/v7-m/nofp\libc_nano.a(lib_a-init.o)
 .debug_frame   0x0000000000002960       0x20 e:/microprocessors-microcontrollers/stm32cubeide_1.7.0/stm32cubeide/plugins/com.st.stm32cube.ide.mcu.externaltools.gnu-tools-for-stm32.9-2020-q2-update.win32_2.0.0.202105311346/tools/bin/../lib/gcc/arm-none-eabi/9.3.1/../../../../arm-none-eabi/lib/thumb/v7-m/nofp\libc_nano.a(lib_a-memset.o)
