Archive member included to satisfy reference by file (symbol)

e:/microprocessors-microcontrollers/stm32cubeide_1.7.0/stm32cubeide/plugins/com.st.stm32cube.ide.mcu.externaltools.gnu-tools-for-stm32.9-2020-q2-update.win32_2.0.0.202105311346/tools/bin/../lib/gcc/arm-none-eabi/9.3.1/../../../../arm-none-eabi/lib/thumb/v7-m/nofp\libc_nano.a(lib_a-errno.o)
                              ./Core/Src/syscalls.o (__errno)
e:/microprocessors-microcontrollers/stm32cubeide_1.7.0/stm32cubeide/plugins/com.st.stm32cube.ide.mcu.externaltools.gnu-tools-for-stm32.9-2020-q2-update.win32_2.0.0.202105311346/tools/bin/../lib/gcc/arm-none-eabi/9.3.1/../../../../arm-none-eabi/lib/thumb/v7-m/nofp\libc_nano.a(lib_a-exit.o)
                              e:/microprocessors-microcontrollers/stm32cubeide_1.7.0/stm32cubeide/plugins/com.st.stm32cube.ide.mcu.externaltools.gnu-tools-for-stm32.9-2020-q2-update.win32_2.0.0.202105311346/tools/bin/../lib/gcc/arm-none-eabi/9.3.1/../../../../arm-none-eabi/lib/thumb/v7-m/nofp/crt0.o (exit)
e:/microprocessors-microcontrollers/stm32cubeide_1.7.0/stm32cubeide/plugins/com.st.stm32cube.ide.mcu.externaltools.gnu-tools-for-stm32.9-2020-q2-update.win32_2.0.0.202105311346/tools/bin/../lib/gcc/arm-none-eabi/9.3.1/../../../../arm-none-eabi/lib/thumb/v7-m/nofp\libc_nano.a(lib_a-impure.o)
                              e:/microprocessors-microcontrollers/stm32cubeide_1.7.0/stm32cubeide/plugins/com.st.stm32cube.ide.mcu.externaltools.gnu-tools-for-stm32.9-2020-q2-update.win32_2.0.0.202105311346/tools/bin/../lib/gcc/arm-none-eabi/9.3.1/../../../../arm-none-eabi/lib/thumb/v7-m/nofp\libc_nano.a(lib_a-exit.o) (_global_impure_ptr)
e:/microprocessors-microcontrollers/stm32cubeide_1.7.0/stm32cubeide/plugins/com.st.stm32cube.ide.mcu.externaltools.gnu-tools-for-stm32.9-2020-q2-update.win32_2.0.0.202105311346/tools/bin/../lib/gcc/arm-none-eabi/9.3.1/../../../../arm-none-eabi/lib/thumb/v7-m/nofp\libc_nano.a(lib_a-init.o)
                              e:/microprocessors-microcontrollers/stm32cubeide_1.7.0/stm32cubeide/plugins/com.st.stm32cube.ide.mcu.externaltools.gnu-tools-for-stm32.9-2020-q2-update.win32_2.0.0.202105311346/tools/bin/../lib/gcc/arm-none-eabi/9.3.1/../../../../arm-none-eabi/lib/thumb/v7-m/nofp/crt0.o (__libc_init_array)
e:/microprocessors-microcontrollers/stm32cubeide_1.7.0/stm32cubeide/plugins/com.st.stm32cube.ide.mcu.externaltools.gnu-tools-for-stm32.9-2020-q2-update.win32_2.0.0.202105311346/tools/bin/../lib/gcc/arm-none-eabi/9.3.1/../../../../arm-none-eabi/lib/thumb/v7-m/nofp\libc_nano.a(lib_a-memset.o)
                              e:/microprocessors-microcontrollers/stm32cubeide_1.7.0/stm32cubeide/plugins/com.st.stm32cube.ide.mcu.externaltools.gnu-tools-for-stm32.9-2020-q2-update.win32_2.0.0.202105311346/tools/bin/../lib/gcc/arm-none-eabi/9.3.1/../../../../arm-none-eabi/lib/thumb/v7-m/nofp/crt0.o (memset)

Allocating common symbols
Common symbol       size              file

savecounterred02    0x4               ./Core/Src/led7_segment.o
timer_counter       0x28              ./Core/Src/software_timer.o
uwTick              0x4               ./Drivers/STM32F1xx_HAL_Driver/Src/stm32f1xx_hal.o
pFlash              0x20              ./Drivers/STM32F1xx_HAL_Driver/Src/stm32f1xx_hal_flash.o
savecountergreen13  0x4               ./Core/Src/led7_segment.o
checkcountergreen   0x4               ./Core/Src/led7_segment.o
checkcountergreen02
                    0x4               ./Core/Src/led7_segment.o
checkcounterred     0x4               ./Core/Src/led7_segment.o
savecounterred13    0x4               ./Core/Src/led7_segment.o
timer_flag          0x28              ./Core/Src/software_timer.o
savecountergreen02  0x4               ./Core/Src/led7_segment.o
checkcounterred02   0x4               ./Core/Src/led7_segment.o
htim2               0x48              ./Core/Src/main.o

Discarded input sections

 .text          0x0000000000000000        0x0 e:/microprocessors-microcontrollers/stm32cubeide_1.7.0/stm32cubeide/plugins/com.st.stm32cube.ide.mcu.externaltools.gnu-tools-for-stm32.9-2020-q2-update.win32_2.0.0.202105311346/tools/bin/../lib/gcc/arm-none-eabi/9.3.1/thumb/v7-m/nofp/crti.o
 .data          0x0000000000000000        0x0 e:/microprocessors-microcontrollers/stm32cubeide_1.7.0/stm32cubeide/plugins/com.st.stm32cube.ide.mcu.externaltools.gnu-tools-for-stm32.9-2020-q2-update.win32_2.0.0.202105311346/tools/bin/../lib/gcc/arm-none-eabi/9.3.1/thumb/v7-m/nofp/crti.o
 .bss           0x0000000000000000        0x0 e:/microprocessors-microcontrollers/stm32cubeide_1.7.0/stm32cubeide/plugins/com.st.stm32cube.ide.mcu.externaltools.gnu-tools-for-stm32.9-2020-q2-update.win32_2.0.0.202105311346/tools/bin/../lib/gcc/arm-none-eabi/9.3.1/thumb/v7-m/nofp/crti.o
[...]
Memory Configuration

Name             Origin             Length             Attributes
RAM              0x0000000020000000 0x0000000000002800 xrw
FLASH            0x0000000008000000 0x0000000000008000 xr
*default*        0x0000000000000000 0xffffffffffffffff

Linker script and memory map

LOAD e:/microprocessors-microcontrollers/stm32cubeide_1.7.0/stm32cubeide/plugins/com.st.stm32cube.ide.mcu.externaltools.gnu-tools-for-stm32.9-2020-q2-update.win32_2.0.0.202105311346/tools/bin/../lib/gcc/arm-none-eabi/9.3.1/thumb/v7-m/nofp/crti.o
LOAD e:/microprocessors-microcontrollers/stm32cubeide_1.7.0/stm32cubeide/plugins/com.st.stm32cube.ide.mcu.externaltools.gnu-tools-for-stm32.9-2020-q2-update.win32_2.0.0.202105311346/tools/bin/../lib/gcc/arm-none-eabi/9.3.1/thumb/v7-m/nofp/crtbegin.o
LOAD e:/microprocessors-microcontrollers/stm32cubeide_1.7.0/stm32cubeide/plugins/com.st.stm32cube.ide.mcu.externaltools.gnu-tools-for-stm32.9-2020-q2-update.win32_2.0.0.202105311346/tools/bin/../lib/gcc/arm-none-eabi/9.3.1/../../../../arm-none-eabi/lib/thumb/v7-m/nofp/crt0.o
LOAD ./Core/Src/button.o
LOAD ./Core/Src/fsm_automatic.o
LOAD ./Core/Src/fsm_manual.o
LOAD ./Core/Src/fsm_setting.o
LOAD ./Core/Src/global.o
LOAD ./Core/Src/led7_segment.o
LOAD ./Core/Src/main.o
LOAD ./Core/Src/software_timer.o
LOAD ./Core/Src/stm32f1xx_hal_msp.o
LOAD ./Core/Src/stm32f1xx_it.o
LOAD ./Core/Src/syscalls.o
LOAD ./Core/Src/sysmem.o
LOAD ./Core/Src/system_stm32f1xx.o
LOAD ./Core/Src/traffic_light.o
LOAD ./Core/Startup/startup_stm32f103c6ux.o
LOAD ./Drivers/STM32F1xx_HAL_Driver/Src/stm32f1xx_hal.o
LOAD ./Drivers/STM32F1xx_HAL_Driver/Src/stm32f1xx_hal_cortex.o
LOAD ./Drivers/STM32F1xx_HAL_Driver/Src/stm32f1xx_hal_dma.o
LOAD ./Drivers/STM32F1xx_HAL_Driver/Src/stm32f1xx_hal_exti.o
LOAD ./Drivers/STM32F1xx_HAL_Driver/Src/stm32f1xx_hal_flash.o
LOAD ./Drivers/STM32F1xx_HAL_Driver/Src/stm32f1xx_hal_flash_ex.o
LOAD ./Drivers/STM32F1xx_HAL_Driver/Src/stm32f1xx_hal_gpio.o
LOAD ./Drivers/STM32F1xx_HAL_Driver/Src/stm32f1xx_hal_gpio_ex.o
LOAD ./Drivers/STM32F1xx_HAL_Driver/Src/stm32f1xx_hal_pwr.o
LOAD ./Drivers/STM32F1xx_HAL_Driver/Src/stm32f1xx_hal_rcc.o
LOAD ./Drivers/STM32F1xx_HAL_Driver/Src/stm32f1xx_hal_rcc_ex.o
LOAD ./Drivers/STM32F1xx_HAL_Driver/Src/stm32f1xx_hal_tim.o
LOAD ./Drivers/STM32F1xx_HAL_Driver/Src/stm32f1xx_hal_tim_ex.o
START GROUP
LOAD e:/microprocessors-microcontrollers/stm32cubeide_1.7.0/stm32cubeide/plugins/com.st.stm32cube.ide.mcu.externaltools.gnu-tools-for-stm32.9-2020-q2-update.win32_2.0.0.202105311346/tools/bin/../lib/gcc/arm-none-eabi/9.3.1/../../../../arm-none-eabi/lib/thumb/v7-m/nofp\libc_nano.a
LOAD e:/microprocessors-microcontrollers/stm32cubeide_1.7.0/stm32cubeide/plugins/com.st.stm32cube.ide.mcu.externaltools.gnu-tools-for-stm32.9-2020-q2-update.win32_2.0.0.202105311346/tools/bin/../lib/gcc/arm-none-eabi/9.3.1/../../../../arm-none-eabi/lib/thumb/v7-m/nofp\libm.a
END GROUP
START GROUP
LOAD e:/microprocessors-microcontrollers/stm32cubeide_1.7.0/stm32cubeide/plugins/com.st.stm32cube.ide.mcu.externaltools.gnu-tools-for-stm32.9-2020-q2-update.win32_2.0.0.202105311346/tools/bin/../lib/gcc/arm-none-eabi/9.3.1/thumb/v7-m/nofp\libgcc.a
LOAD e:/microprocessors-microcontrollers/stm32cubeide_1.7.0/stm32cubeide/plugins/com.st.stm32cube.ide.mcu.externaltools.gnu-tools-for-stm32.9-2020-q2-update.win32_2.0.0.202105311346/tools/bin/../lib/gcc/arm-none-eabi/9.3.1/../../../../arm-none-eabi/lib/thumb/v7-m/nofp\libc_nano.a
END GROUP
START GROUP
LOAD e:/microprocessors-microcontrollers/stm32cubeide_1.7.0/stm32cubeide/plugins/com.st.stm32cube.ide.mcu.externaltools.gnu-tools-for-stm32.9-2020-q2-update.win32_2.0.0.202105311346/tools/bin/../lib/gcc/arm-none-eabi/9.3.1/thumb/v7-m/nofp\libgcc.a
LOAD e:/microprocessors-microcontrollers/stm32cubeide_1.7.0/stm32cubeide/plugins/com.st.stm32cube.ide.mcu.externaltools.gnu-tools-for-stm32.9-2020-q2-update.win32_2.0.0.202105311346/tools/bin/../lib/gcc/arm-none-eabi/9.3.1/../../../../arm-none-eabi/lib/thumb/v7-m/nofp\libc_nano.a
LOAD e:/microprocessors-microcontrollers/stm32cubeide_1.7.0/stm32cubeide/plugins/com.st.stm32cube.ide.mcu.externaltools.gnu-tools-for-stm32.9-2020-q2-update.win32_2.0.0.202105311346/tools/bin/../lib/gcc/arm-none-eabi/9.3.1/../../../../arm-none-eabi/lib/thumb/v7-m/nofp\libnosys.a
END GROUP
START GROUP
LOAD e:/microprocessors-microcontrollers/stm32cubeide_1.7.0/stm32cubeide/plugins/com.st.stm32cube.ide.mcu.externaltools.gnu-tools-for-stm32.9-2020-q2-update.win32_2.0.0.202105311346/tools/bin/../lib/gcc/arm-none-eabi/9.3.1/thumb/v7-m/nofp\libgcc.a
LOAD e:/microprocessors-microcontrollers/stm32cubeide_1.7.0/stm32cubeide/plugins/com.st.stm32cube.ide.mcu.externaltools.gnu-tools-for-stm32.9-2020-q2-update.win32_2.0.0.202105311346/tools/bin/../lib/gcc/arm-none-eabi/9.3.1/../../../../arm-none-eabi/lib/thumb/v7-m/nofp\libc_nano.a
LOAD e:/microprocessors-microcontrollers/stm32cubeide_1.7.0/stm32cubeide/plugins/com.st.stm32cube.ide.mcu.externaltools.gnu-tools-for-stm32.9-2020-q2-update.win32_2.0.0.202105311346/tools/bin/../lib/gcc/arm-none-eabi/9.3.1/../../../../arm-none-eabi/lib/thumb/v7-m/nofp\libnosys.a
END GROUP
LOAD e:/microprocessors-microcontrollers/stm32cubeide_1.7.0/stm32cubeide/plugins/com.st.stm32cube.ide.mcu.externaltools.gnu-tools-for-stm32.9-2020-q2-update.win32_2.0.0.202105311346/tools/bin/../lib/gcc/arm-none-eabi/9.3.1/thumb/v7-m/nofp/crtend.o
LOAD e:/microprocessors-microcontrollers/stm32cubeide_1.7.0/stm32cubeide/plugins/com.st.stm32cube.ide.mcu.externaltools.gnu-tools-for-stm32.9-2020-q2-update.win32_2.0.0.202105311346/tools/bin/../lib/gcc/arm-none-eabi/9.3.1/thumb/v7-m/nofp/crtn.o
                0x0000000020002800                _estack = (ORIGIN (RAM) + LENGTH (RAM))
                0x0000000000000200                _Min_Heap_Size = 0x200
                0x0000000000000400                _Min_Stack_Size = 0x400

.isr_vector     0x0000000008000000      0x10c
                0x0000000008000000                . = ALIGN (0x4)
 *(.isr_vector)
 .isr_vector    0x0000000008000000      0x10c ./Core/Startup/startup_stm32f103c6ux.o
                0x0000000008000000                g_pfnVectors
                0x000000000800010c                . = ALIGN (0x4)

.text           0x000000000800010c     0x3aa0
                0x000000000800010c                . = ALIGN (0x4)
 *(.text)
 .text          0x000000000800010c       0x40 e:/microprocessors-microcontrollers/stm32cubeide_1.7.0/stm32cubeide/plugins/com.st.stm32cube.ide.mcu.externaltools.gnu-tools-for-stm32.9-2020-q2-update.win32_2.0.0.202105311346/tools/bin/../lib/gcc/arm-none-eabi/9.3.1/thumb/v7-m/nofp/crtbegin.o
 *(.text*)
 .text.isButtonPressed
                0x000000000800014c       0x34 ./Core/Src/button.o
                0x000000000800014c                isButtonPressed
 .text.subKeyProcess
                0x0000000008000180       0x20 ./Core/Src/button.o
                0x0000000008000180                subKeyProcess
 .text.getKeyInput
                0x00000000080001a0      0x114 ./Core/Src/button.o
                0x00000000080001a0                getKeyInput
 .text.fsm_automatic_run
                0x00000000080002b4      0x4e4 ./Core/Src/fsm_automatic.o
                0x00000000080002b4                fsm_automatic_run
 .text.fsm_manual_run
                0x0000000008000798      0x36c ./Core/Src/fsm_manual.o
                0x0000000008000798                fsm_manual_run
 .text.fsm_setting_run
                0x0000000008000b04      0x6f4 ./Core/Src/fsm_setting.o
                0x0000000008000b04                fsm_setting_run
 .text.set_led7_segement
                0x00000000080011f8       0x28 ./Core/Src/led7_segment.o
                0x00000000080011f8                set_led7_segement
 .text.display7SEGX
                0x0000000008001220      0x110 ./Core/Src/led7_segment.o
                0x0000000008001220                display7SEGX
 .text.display7SEGY
                0x0000000008001330      0x11c ./Core/Src/led7_segment.o
                0x0000000008001330                display7SEGY
 .text.led7_segment_run02
                0x000000000800144c      0x2cc ./Core/Src/led7_segment.o
                0x000000000800144c                led7_segment_run02
 .text.led7_segment_run13
                0x0000000008001718      0x3a4 ./Core/Src/led7_segment.o
                0x0000000008001718                led7_segment_run13
 .text.Save_led7RED_segment_run02
                0x0000000008001abc       0x60 ./Core/Src/led7_segment.o
                0x0000000008001abc                Save_led7RED_segment_run02
 .text.Save_led7GREEN_segment_run02
                0x0000000008001b1c       0x60 ./Core/Src/led7_segment.o
                0x0000000008001b1c                Save_led7GREEN_segment_run02
 .text.Save_led7YELLOW_segment_run02
                0x0000000008001b7c       0x60 ./Core/Src/led7_segment.o
                0x0000000008001b7c                Save_led7YELLOW_segment_run02
 .text.Save_led7RED_segment_run13
                0x0000000008001bdc       0x88 ./Core/Src/led7_segment.o
                0x0000000008001bdc                Save_led7RED_segment_run13
 .text.Increase_Save_led7RED_segment_run13
                0x0000000008001c64       0x84 ./Core/Src/led7_segment.o
                0x0000000008001c64                Increase_Save_led7RED_segment_run13
 .text.Save_led7GREEN_segment_run13
                0x0000000008001ce8       0x88 ./Core/Src/led7_segment.o
                0x0000000008001ce8                Save_led7GREEN_segment_run13
 .text.Increase_Save_led7GREEN_segment_run13
                0x0000000008001d70       0x84 ./Core/Src/led7_segment.o
                0x0000000008001d70                Increase_Save_led7GREEN_segment_run13
 .text.Save_led7YELLOW_segment_run13
                0x0000000008001df4       0x88 ./Core/Src/led7_segment.o
                0x0000000008001df4                Save_led7YELLOW_segment_run13
 .text.Increase_Save_led7YELLOW_segment_run13
                0x0000000008001e7c       0x84 ./Core/Src/led7_segment.o
                0x0000000008001e7c                Increase_Save_led7YELLOW_segment_run13
 .text.main     0x0000000008001f00       0x38 ./Core/Src/main.o
                0x0000000008001f00                main
 .text.SystemClock_Config
                0x0000000008001f38       0x76 ./Core/Src/main.o
                0x0000000008001f38                SystemClock_Config
 *fill*         0x0000000008001fae        0x2 
 .text.MX_TIM2_Init
                0x0000000008001fb0       0x98 ./Core/Src/main.o
 .text.MX_GPIO_Init
                0x0000000008002048       0xe4 ./Core/Src/main.o
 .text.HAL_TIM_PeriodElapsedCallback
                0x000000000800212c       0x18 ./Core/Src/main.o
                0x000000000800212c                HAL_TIM_PeriodElapsedCallback
 .text.Error_Handler
                0x0000000008002144        0xa ./Core/Src/main.o
                0x0000000008002144                Error_Handler
 *fill*         0x000000000800214e        0x2 
 .text.setTimer
                0x0000000008002150       0x40 ./Core/Src/software_timer.o
                0x0000000008002150                setTimer
 .text.isTimerExpired
                0x0000000008002190       0x34 ./Core/Src/software_timer.o
                0x0000000008002190                isTimerExpired
 .text.clear_timer_flag
                0x00000000080021c4       0x20 ./Core/Src/software_timer.o
                0x00000000080021c4                clear_timer_flag
 .text.timerRun
                0x00000000080021e4       0x60 ./Core/Src/software_timer.o
                0x00000000080021e4                timerRun
 .text.HAL_MspInit
                0x0000000008002244       0x64 ./Core/Src/stm32f1xx_hal_msp.o
                0x0000000008002244                HAL_MspInit
 .text.HAL_TIM_Base_MspInit
                0x00000000080022a8       0x48 ./Core/Src/stm32f1xx_hal_msp.o
                0x00000000080022a8                HAL_TIM_Base_MspInit
 .text.NMI_Handler
                0x00000000080022f0        0x6 ./Core/Src/stm32f1xx_it.o
                0x00000000080022f0                NMI_Handler
 .text.HardFault_Handler
                0x00000000080022f6        0x6 ./Core/Src/stm32f1xx_it.o
                0x00000000080022f6                HardFault_Handler
 .text.MemManage_Handler
                0x00000000080022fc        0x6 ./Core/Src/stm32f1xx_it.o
                0x00000000080022fc                MemManage_Handler
 .text.BusFault_Handler
                0x0000000008002302        0x6 ./Core/Src/stm32f1xx_it.o
                0x0000000008002302                BusFault_Handler
 .text.UsageFault_Handler
                0x0000000008002308        0x6 ./Core/Src/stm32f1xx_it.o
                0x0000000008002308                UsageFault_Handler
 .text.SVC_Handler
                0x000000000800230e        0xc ./Core/Src/stm32f1xx_it.o
                0x000000000800230e                SVC_Handler
 .text.DebugMon_Handler
                0x000000000800231a        0xc ./Core/Src/stm32f1xx_it.o
                0x000000000800231a                DebugMon_Handler
 .text.PendSV_Handler
                0x0000000008002326        0xc ./Core/Src/stm32f1xx_it.o
                0x0000000008002326                PendSV_Handler
 .text.SysTick_Handler
                0x0000000008002332        0xc ./Core/Src/stm32f1xx_it.o
                0x0000000008002332                SysTick_Handler
 *fill*         0x000000000800233e        0x2 
 .text.TIM2_IRQHandler
                0x0000000008002340       0x14 ./Core/Src/stm32f1xx_it.o
                0x0000000008002340                TIM2_IRQHandler
 .text.SystemInit
                0x0000000008002354        0xc ./Core/Src/system_stm32f1xx.o
                0x0000000008002354                SystemInit
 .text.set_led  0x0000000008002360       0x18 ./Core/Src/traffic_light.o
                0x0000000008002360                set_led
 .text.Turn_On_All_LED_RED
                0x0000000008002378       0x2c ./Core/Src/traffic_light.o
                0x0000000008002378                Turn_On_All_LED_RED
 .text.Turn_On_All_LED_GREEN
                0x00000000080023a4       0x2c ./Core/Src/traffic_light.o
                0x00000000080023a4                Turn_On_All_LED_GREEN
 .text.Turn_On_All_LED_YELLOW
                0x00000000080023d0       0x2c ./Core/Src/traffic_light.o
                0x00000000080023d0                Turn_On_All_LED_YELLOW
 .text.LED_RED1_GREEN2
                0x00000000080023fc       0x48 ./Core/Src/traffic_light.o
                0x00000000080023fc                LED_RED1_GREEN2
 .text.LED_RED1_YELLOW2
                0x0000000008002444       0x48 ./Core/Src/traffic_light.o
                0x0000000008002444                LED_RED1_YELLOW2
 .text.LED_GREEN1_RED2
                0x000000000800248c       0x48 ./Core/Src/traffic_light.o
                0x000000000800248c                LED_GREEN1_RED2
 .text.LED_YELLOW1_RED2
                0x00000000080024d4       0x48 ./Core/Src/traffic_light.o
                0x00000000080024d4                LED_YELLOW1_RED2
 .text.Reset_Handler
                0x000000000800251c       0x48 ./Core/Startup/startup_stm32f103c6ux.o
                0x000000000800251c                Reset_Handler
 .text.Default_Handler
                0x0000000008002564        0x2 ./Core/Startup/startup_stm32f103c6ux.o
                0x0000000008002564                RTC_Alarm_IRQHandler
                0x0000000008002564                EXTI2_IRQHandler
                0x0000000008002564                TIM1_CC_IRQHandler
                0x0000000008002564                PVD_IRQHandler
                0x0000000008002564                EXTI3_IRQHandler
                0x0000000008002564                EXTI0_IRQHandler
                0x0000000008002564                ADC1_2_IRQHandler
                0x0000000008002564                SPI1_IRQHandler
                0x0000000008002564                TAMPER_IRQHandler
                0x0000000008002564                DMA1_Channel4_IRQHandler
                0x0000000008002564                RTC_IRQHandler
                0x0000000008002564                DMA1_Channel7_IRQHandler
                0x0000000008002564                CAN1_RX1_IRQHandler
                0x0000000008002564                I2C1_EV_IRQHandler
                0x0000000008002564                DMA1_Channel6_IRQHandler
                0x0000000008002564                TIM3_IRQHandler
                0x0000000008002564                RCC_IRQHandler
                0x0000000008002564                TIM1_TRG_COM_IRQHandler
                0x0000000008002564                DMA1_Channel1_IRQHandler
                0x0000000008002564                Default_Handler
                0x0000000008002564                EXTI15_10_IRQHandler
                0x0000000008002564                EXTI9_5_IRQHandler
                0x0000000008002564                DMA1_Channel5_IRQHandler
                0x0000000008002564                EXTI4_IRQHandler
                0x0000000008002564                USB_LP_CAN1_RX0_IRQHandler
                0x0000000008002564                USB_HP_CAN1_TX_IRQHandler
                0x0000000008002564                DMA1_Channel3_IRQHandler
                0x0000000008002564                TIM1_UP_IRQHandler
                0x0000000008002564                WWDG_IRQHandler
                0x0000000008002564                TIM1_BRK_IRQHandler
                0x0000000008002564                EXTI1_IRQHandler
                0x0000000008002564                USART2_IRQHandler
                0x0000000008002564                DMA1_Channel2_IRQHandler
                0x0000000008002564                CAN1_SCE_IRQHandler
                0x0000000008002564                FLASH_IRQHandler
                0x0000000008002564                USART1_IRQHandler
                0x0000000008002564                I2C1_ER_IRQHandler
                0x0000000008002564                USBWakeUp_IRQHandler
 *fill*         0x0000000008002566        0x2 
 .text.HAL_Init
                0x0000000008002568       0x2c ./Drivers/STM32F1xx_HAL_Driver/Src/stm32f1xx_hal.o
                0x0000000008002568                HAL_Init
 .text.HAL_InitTick
                0x0000000008002594       0x60 ./Drivers/STM32F1xx_HAL_Driver/Src/stm32f1xx_hal.o
                0x0000000008002594                HAL_InitTick
 .text.HAL_IncTick
                0x00000000080025f4       0x24 ./Drivers/STM32F1xx_HAL_Driver/Src/stm32f1xx_hal.o
                0x00000000080025f4                HAL_IncTick
 .text.HAL_GetTick
                0x0000000008002618       0x14 ./Drivers/STM32F1xx_HAL_Driver/Src/stm32f1xx_hal.o
                0x0000000008002618                HAL_GetTick
 .text.__NVIC_SetPriorityGrouping
                0x000000000800262c       0x48 ./Drivers/STM32F1xx_HAL_Driver/Src/stm32f1xx_hal_cortex.o
 .text.__NVIC_GetPriorityGrouping
                0x0000000008002674       0x1c ./Drivers/STM32F1xx_HAL_Driver/Src/stm32f1xx_hal_cortex.o
 .text.__NVIC_EnableIRQ
                0x0000000008002690       0x38 ./Drivers/STM32F1xx_HAL_Driver/Src/stm32f1xx_hal_cortex.o
 .text.__NVIC_SetPriority
                0x00000000080026c8       0x54 ./Drivers/STM32F1xx_HAL_Driver/Src/stm32f1xx_hal_cortex.o
 .text.NVIC_EncodePriority
                0x000000000800271c       0x64 ./Drivers/STM32F1xx_HAL_Driver/Src/stm32f1xx_hal_cortex.o
 .text.SysTick_Config
                0x0000000008002780       0x44 ./Drivers/STM32F1xx_HAL_Driver/Src/stm32f1xx_hal_cortex.o
 .text.HAL_NVIC_SetPriorityGrouping
                0x00000000080027c4       0x16 ./Drivers/STM32F1xx_HAL_Driver/Src/stm32f1xx_hal_cortex.o
                0x00000000080027c4                HAL_NVIC_SetPriorityGrouping
 .text.HAL_NVIC_SetPriority
                0x00000000080027da       0x38 ./Drivers/STM32F1xx_HAL_Driver/Src/stm32f1xx_hal_cortex.o
                0x00000000080027da                HAL_NVIC_SetPriority
 .text.HAL_NVIC_EnableIRQ
                0x0000000008002812       0x1c ./Drivers/STM32F1xx_HAL_Driver/Src/stm32f1xx_hal_cortex.o
                0x0000000008002812                HAL_NVIC_EnableIRQ
 .text.HAL_SYSTICK_Config
                0x000000000800282e       0x18 ./Drivers/STM32F1xx_HAL_Driver/Src/stm32f1xx_hal_cortex.o
                0x000000000800282e                HAL_SYSTICK_Config
 *fill*         0x0000000008002846        0x2 
 .text.HAL_GPIO_Init
                0x0000000008002848      0x2f4 ./Drivers/STM32F1xx_HAL_Driver/Src/stm32f1xx_hal_gpio.o
                0x0000000008002848                HAL_GPIO_Init
 .text.HAL_GPIO_ReadPin
                0x0000000008002b3c       0x2e ./Drivers/STM32F1xx_HAL_Driver/Src/stm32f1xx_hal_gpio.o
                0x0000000008002b3c                HAL_GPIO_ReadPin
 .text.HAL_GPIO_WritePin
                0x0000000008002b6a       0x30 ./Drivers/STM32F1xx_HAL_Driver/Src/stm32f1xx_hal_gpio.o
                0x0000000008002b6a                HAL_GPIO_WritePin
 .text.HAL_GPIO_TogglePin
                0x0000000008002b9a       0x32 ./Drivers/STM32F1xx_HAL_Driver/Src/stm32f1xx_hal_gpio.o
                0x0000000008002b9a                HAL_GPIO_TogglePin
 .text.HAL_RCC_OscConfig
                0x0000000008002bcc      0x500 ./Drivers/STM32F1xx_HAL_Driver/Src/stm32f1xx_hal_rcc.o
                0x0000000008002bcc                HAL_RCC_OscConfig
 .text.HAL_RCC_ClockConfig
                0x00000000080030cc      0x1d4 ./Drivers/STM32F1xx_HAL_Driver/Src/stm32f1xx_hal_rcc.o
                0x00000000080030cc                HAL_RCC_ClockConfig
 .text.HAL_RCC_GetSysClockFreq
                0x00000000080032a0       0xa8 ./Drivers/STM32F1xx_HAL_Driver/Src/stm32f1xx_hal_rcc.o
                0x00000000080032a0                HAL_RCC_GetSysClockFreq
 .text.RCC_Delay
                0x0000000008003348       0x3c ./Drivers/STM32F1xx_HAL_Driver/Src/stm32f1xx_hal_rcc.o
 .text.HAL_TIM_Base_Init
                0x0000000008003384       0x9e ./Drivers/STM32F1xx_HAL_Driver/Src/stm32f1xx_hal_tim.o
                0x0000000008003384                HAL_TIM_Base_Init
 *fill*         0x0000000008003422        0x2 
 .text.HAL_TIM_Base_Start_IT
                0x0000000008003424       0x98 ./Drivers/STM32F1xx_HAL_Driver/Src/stm32f1xx_hal_tim.o
                0x0000000008003424                HAL_TIM_Base_Start_IT
 .text.HAL_TIM_IRQHandler
                0x00000000080034bc      0x1e0 ./Drivers/STM32F1xx_HAL_Driver/Src/stm32f1xx_hal_tim.o
                0x00000000080034bc                HAL_TIM_IRQHandler
 .text.HAL_TIM_ConfigClockSource
                0x000000000800369c      0x18e ./Drivers/STM32F1xx_HAL_Driver/Src/stm32f1xx_hal_tim.o
                0x000000000800369c                HAL_TIM_ConfigClockSource
 .text.HAL_TIM_OC_DelayElapsedCallback
                0x000000000800382a       0x12 ./Drivers/STM32F1xx_HAL_Driver/Src/stm32f1xx_hal_tim.o
                0x000000000800382a                HAL_TIM_OC_DelayElapsedCallback
 .text.HAL_TIM_IC_CaptureCallback
                0x000000000800383c       0x12 ./Drivers/STM32F1xx_HAL_Driver/Src/stm32f1xx_hal_tim.o
                0x000000000800383c                HAL_TIM_IC_CaptureCallback
 .text.HAL_TIM_PWM_PulseFinishedCallback
                0x000000000800384e       0x12 ./Drivers/STM32F1xx_HAL_Driver/Src/stm32f1xx_hal_tim.o
                0x000000000800384e                HAL_TIM_PWM_PulseFinishedCallback
 .text.HAL_TIM_TriggerCallback
                0x0000000008003860       0x12 ./Drivers/STM32F1xx_HAL_Driver/Src/stm32f1xx_hal_tim.o
                0x0000000008003860                HAL_TIM_TriggerCallback
 *fill*         0x0000000008003872        0x2 
 .text.TIM_Base_SetConfig
                0x0000000008003874       0xc8 ./Drivers/STM32F1xx_HAL_Driver/Src/stm32f1xx_hal_tim.o
                0x0000000008003874                TIM_Base_SetConfig
 .text.TIM_TI1_ConfigInputStage
                0x000000000800393c       0x5c ./Drivers/STM32F1xx_HAL_Driver/Src/stm32f1xx_hal_tim.o
 .text.TIM_TI2_ConfigInputStage
                0x0000000008003998       0x5e ./Drivers/STM32F1xx_HAL_Driver/Src/stm32f1xx_hal_tim.o
 .text.TIM_ITRx_SetConfig
                0x00000000080039f6       0x34 ./Drivers/STM32F1xx_HAL_Driver/Src/stm32f1xx_hal_tim.o
 .text.TIM_ETR_SetConfig
                0x0000000008003a2a       0x3e ./Drivers/STM32F1xx_HAL_Driver/Src/stm32f1xx_hal_tim.o
                0x0000000008003a2a                TIM_ETR_SetConfig
 .text.HAL_TIMEx_MasterConfigSynchronization
                0x0000000008003a68       0xb0 ./Drivers/STM32F1xx_HAL_Driver/Src/stm32f1xx_hal_tim_ex.o
                0x0000000008003a68                HAL_TIMEx_MasterConfigSynchronization
 .text.HAL_TIMEx_CommutCallback
                0x0000000008003b18       0x12 ./Drivers/STM32F1xx_HAL_Driver/Src/stm32f1xx_hal_tim_ex.o
                0x0000000008003b18                HAL_TIMEx_CommutCallback
 .text.HAL_TIMEx_BreakCallback
                0x0000000008003b2a       0x12 ./Drivers/STM32F1xx_HAL_Driver/Src/stm32f1xx_hal_tim_ex.o
                0x0000000008003b2a                HAL_TIMEx_BreakCallback
 .text.__libc_init_array
                0x0000000008003b3c       0x48 e:/microprocessors-microcontrollers/stm32cubeide_1.7.0/stm32cubeide/plugins/com.st.stm32cube.ide.mcu.externaltools.gnu-tools-for-stm32.9-2020-q2-update.win32_2.0.0.202105311346/tools/bin/../lib/gcc/arm-none-eabi/9.3.1/../../../../arm-none-eabi/lib/thumb/v7-m/nofp\libc_nano.a(lib_a-init.o)
                0x0000000008003b3c                __libc_init_array
 .text.memset   0x0000000008003b84       0x10 e:/microprocessors-microcontrollers/stm32cubeide_1.7.0/stm32cubeide/plugins/com.st.stm32cube.ide.mcu.externaltools.gnu-tools-for-stm32.9-2020-q2-update.win32_2.0.0.202105311346/tools/bin/../lib/gcc/arm-none-eabi/9.3.1/../../../../arm-none-eabi/lib/thumb/v7-m/nofp\libc_nano.a(lib_a-memset.o)
                0x0000000008003b84                memset
 *(.glue_7)
 .glue_7        0x0000000008003b94        0x0 linker stubs
 *(.glue_7t)
 .glue_7t       0x0000000008003b94        0x0 linker stubs
 *(.eh_frame)
 .eh_frame      0x0000000008003b94        0x0 e:/microprocessors-microcontrollers/stm32cubeide_1.7.0/stm32cubeide/plugins/com.st.stm32cube.ide.mcu.externaltools.gnu-tools-for-stm32.9-2020-q2-update.win32_2.0.0.202105311346/tools/bin/../lib/gcc/arm-none-eabi/9.3.1/thumb/v7-m/nofp/crtbegin.o
 *(.init)
 .init          0x0000000008003b94        0x4 e:/microprocessors-microcontrollers/stm32cubeide_1.7.0/stm32cubeide/plugins/com.st.stm32cube.ide.mcu.externaltools.gnu-tools-for-stm32.9-2020-q2-update.win32_2.0.0.202105311346/tools/bin/../lib/gcc/arm-none-eabi/9.3.1/thumb/v7-m/nofp/crti.o
                0x0000000008003b94                _init
 .init          0x0000000008003b98        0x8 e:/microprocessors-microcontrollers/stm32cubeide_1.7.0/stm32cubeide/plugins/com.st.stm32cube.ide.mcu.externaltools.gnu-tools-for-stm32.9-2020-q2-update.win32_2.0.0.202105311346/tools/bin/../lib/gcc/arm-none-eabi/9.3.1/thumb/v7-m/nofp/crtn.o
 *(.fini)
 .fini          0x0000000008003ba0        0x4 e:/microprocessors-microcontrollers/stm32cubeide_1.7.0/stm32cubeide/plugins/com.st.stm32cube.ide.mcu.externaltools.gnu-tools-for-stm32.9-2020-q2-update.win32_2.0.0.202105311346/tools/bin/../lib/gcc/arm-none-eabi/9.3.1/thumb/v7-m/nofp/crti.o
                0x0000000008003ba0                _fini
 .fini          0x0000000008003ba4        0x8 e:/microprocessors-microcontrollers/stm32cubeide_1.7.0/stm32cubeide/plugins/com.st.stm32cube.ide.mcu.externaltools.gnu-tools-for-stm32.9-2020-q2-update.win32_2.0.0.202105311346/tools/bin/../lib/gcc/arm-none-eabi/9.3.1/thumb/v7-m/nofp/crtn.o
                0x0000000008003bac                . = ALIGN (0x4)
                0x0000000008003bac                _etext = .

.vfp11_veneer   0x0000000008003bac        0x0
 .vfp11_veneer  0x0000000008003bac        0x0 linker stubs

.v4_bx          0x0000000008003bac        0x0
 .v4_bx         0x0000000008003bac        0x0 linker stubs

.iplt           0x0000000008003bac        0x0
 .iplt          0x0000000008003bac        0x0 e:/microprocessors-microcontrollers/stm32cubeide_1.7.0/stm32cubeide/plugins/com.st.stm32cube.ide.mcu.externaltools.gnu-tools-for-stm32.9-2020-q2-update.win32_2.0.0.202105311346/tools/bin/../lib/gcc/arm-none-eabi/9.3.1/thumb/v7-m/nofp/crtbegin.o

.rodata         0x0000000008003bac       0x30
                0x0000000008003bac                . = ALIGN (0x4)
 *(.rodata)
 .rodata        0x0000000008003bac        0xa ./Core/Src/led7_segment.o
 *(.rodata*)
 *fill*         0x0000000008003bb6        0x2 
 .rodata.AHBPrescTable
                0x0000000008003bb8       0x10 ./Core/Src/system_stm32f1xx.o
                0x0000000008003bb8                AHBPrescTable
 .rodata.aPLLMULFactorTable.6032
                0x0000000008003bc8       0x10 ./Drivers/STM32F1xx_HAL_Driver/Src/stm32f1xx_hal_rcc.o
 .rodata.aPredivFactorTable.6033
                0x0000000008003bd8        0x2 ./Drivers/STM32F1xx_HAL_Driver/Src/stm32f1xx_hal_rcc.o
                0x0000000008003bdc                . = ALIGN (0x4)
 *fill*         0x0000000008003bda        0x2 

.rel.dyn        0x0000000008003bdc        0x0
 .rel.iplt      0x0000000008003bdc        0x0 e:/microprocessors-microcontrollers/stm32cubeide_1.7.0/stm32cubeide/plugins/com.st.stm32cube.ide.mcu.externaltools.gnu-tools-for-stm32.9-2020-q2-update.win32_2.0.0.202105311346/tools/bin/../lib/gcc/arm-none-eabi/9.3.1/thumb/v7-m/nofp/crtbegin.o

.ARM.extab      0x0000000008003bdc        0x0
                0x0000000008003bdc                . = ALIGN (0x4)
 *(.ARM.extab* .gnu.linkonce.armextab.*)
                0x0000000008003bdc                . = ALIGN (0x4)

.ARM            0x0000000008003bdc        0x0
                0x0000000008003bdc                . = ALIGN (0x4)
                0x0000000008003bdc                __exidx_start = .
 *(.ARM.exidx*)
                0x0000000008003bdc                __exidx_end = .
                0x0000000008003bdc                . = ALIGN (0x4)

.preinit_array  0x0000000008003bdc        0x0
                0x0000000008003bdc                . = ALIGN (0x4)
                0x0000000008003bdc                PROVIDE (__preinit_array_start = .)
 *(.preinit_array*)
                0x0000000008003bdc                PROVIDE (__preinit_array_end = .)
                0x0000000008003bdc                . = ALIGN (0x4)

.init_array     0x0000000008003bdc        0x4
                0x0000000008003bdc                . = ALIGN (0x4)
                0x0000000008003bdc                PROVIDE (__init_array_start = .)
 *(SORT_BY_NAME(.init_array.*))
 *(.init_array*)
 .init_array    0x0000000008003bdc        0x4 e:/microprocessors-microcontrollers/stm32cubeide_1.7.0/stm32cubeide/plugins/com.st.stm32cube.ide.mcu.externaltools.gnu-tools-for-stm32.9-2020-q2-update.win32_2.0.0.202105311346/tools/bin/../lib/gcc/arm-none-eabi/9.3.1/thumb/v7-m/nofp/crtbegin.o
                0x0000000008003be0                PROVIDE (__init_array_end = .)
                0x0000000008003be0                . = ALIGN (0x4)

.fini_array     0x0000000008003be0        0x4
                0x0000000008003be0                . = ALIGN (0x4)
                [!provide]                        PROVIDE (__fini_array_start = .)
 *(SORT_BY_NAME(.fini_array.*))
 *(.fini_array*)
 .fini_array    0x0000000008003be0        0x4 e:/microprocessors-microcontrollers/stm32cubeide_1.7.0/stm32cubeide/plugins/com.st.stm32cube.ide.mcu.externaltools.gnu-tools-for-stm32.9-2020-q2-update.win32_2.0.0.202105311346/tools/bin/../lib/gcc/arm-none-eabi/9.3.1/thumb/v7-m/nofp/crtbegin.o
                [!provide]                        PROVIDE (__fini_array_end = .)
                0x0000000008003be4                . = ALIGN (0x4)
                0x0000000008003be4                _sidata = LOADADDR (.data)

.data           0x0000000020000000       0x74 load address 0x0000000008003be4
                0x0000000020000000                . = ALIGN (0x4)
                0x0000000020000000                _sdata = .
 *(.data)
 *(.data*)
 .data.KeyReg0  0x0000000020000000        0xc ./Core/Src/button.o
                0x0000000020000000                KeyReg0
 .data.KeyReg1  0x000000002000000c        0xc ./Core/Src/button.o
                0x000000002000000c                KeyReg1
 .data.KeyReg2  0x0000000020000018        0xc ./Core/Src/button.o
                0x0000000020000018                KeyReg2
 .data.KeyReg3  0x0000000020000024        0xc ./Core/Src/button.o
                0x0000000020000024                KeyReg3
 .data.TimerForKeyPress
                0x0000000020000030        0xc ./Core/Src/button.o
                0x0000000020000030                TimerForKeyPress
 .data.Button_GPIO_Port
                0x000000002000003c        0xc ./Core/Src/button.o
                0x000000002000003c                Button_GPIO_Port
 .data.Button_Pin
                0x0000000020000048        0x6 ./Core/Src/button.o
                0x0000000020000048                Button_Pin
 *fill*         0x000000002000004e        0x2 
 .data.a        0x0000000020000050        0x4 ./Core/Src/led7_segment.o
                0x0000000020000050                a
 .data.b        0x0000000020000054        0x4 ./Core/Src/led7_segment.o
                0x0000000020000054                b
 .data.c        0x0000000020000058        0x4 ./Core/Src/led7_segment.o
                0x0000000020000058                c
 .data.counterred
                0x000000002000005c        0x4 ./Core/Src/led7_segment.o
                0x000000002000005c                counterred
 .data.countergreen
                0x0000000020000060        0x4 ./Core/Src/led7_segment.o
                0x0000000020000060                countergreen
 .data.counteryellow
                0x0000000020000064        0x4 ./Core/Src/led7_segment.o
                0x0000000020000064                counteryellow
 .data.SystemCoreClock
                0x0000000020000068        0x4 ./Core/Src/system_stm32f1xx.o
                0x0000000020000068                SystemCoreClock
 .data.uwTickPrio
                0x000000002000006c        0x4 ./Drivers/STM32F1xx_HAL_Driver/Src/stm32f1xx_hal.o
                0x000000002000006c                uwTickPrio
 .data.uwTickFreq
                0x0000000020000070        0x1 ./Drivers/STM32F1xx_HAL_Driver/Src/stm32f1xx_hal.o
                0x0000000020000070                uwTickFreq
 *(.RamFunc)
 *(.RamFunc*)
                0x0000000020000074                . = ALIGN (0x4)
 *fill*         0x0000000020000071        0x3 
                0x0000000020000074                _edata = .

.igot.plt       0x0000000020000074        0x0 load address 0x0000000008003c58
 .igot.plt      0x0000000020000074        0x0 e:/microprocessors-microcontrollers/stm32cubeide_1.7.0/stm32cubeide/plugins/com.st.stm32cube.ide.mcu.externaltools.gnu-tools-for-stm32.9-2020-q2-update.win32_2.0.0.202105311346/tools/bin/../lib/gcc/arm-none-eabi/9.3.1/thumb/v7-m/nofp/crtbegin.o
                0x0000000020000074                . = ALIGN (0x4)

.bss            0x0000000020000074      0x10c load address 0x0000000008003c58
                0x0000000020000074                _sbss = .
                0x0000000020000074                __bss_start__ = _sbss
 *(.bss)
 .bss           0x0000000020000074       0x1c e:/microprocessors-microcontrollers/stm32cubeide_1.7.0/stm32cubeide/plugins/com.st.stm32cube.ide.mcu.externaltools.gnu-tools-for-stm32.9-2020-q2-update.win32_2.0.0.202105311346/tools/bin/../lib/gcc/arm-none-eabi/9.3.1/thumb/v7-m/nofp/crtbegin.o
 *(.bss*)
 .bss.Button_flag
                0x0000000020000090        0xc ./Core/Src/button.o
                0x0000000020000090                Button_flag
 .bss.counter   0x000000002000009c        0x4 ./Core/Src/fsm_automatic.o
                0x000000002000009c                counter
 .bss.check     0x00000000200000a0        0x4 ./Core/Src/fsm_automatic.o
                0x00000000200000a0                check
 .bss.checksavered
                0x00000000200000a4        0x4 ./Core/Src/fsm_automatic.o
                0x00000000200000a4                checksavered
 .bss.checksavegreen
                0x00000000200000a8        0x4 ./Core/Src/fsm_automatic.o
                0x00000000200000a8                checksavegreen
 .bss.checksaveyellow
                0x00000000200000ac        0x4 ./Core/Src/fsm_automatic.o
                0x00000000200000ac                checksaveyellow
 .bss.status    0x00000000200000b0        0x4 ./Core/Src/global.o
                0x00000000200000b0                status
 .bss.idx_led02
                0x00000000200000b4        0x4 ./Core/Src/led7_segment.o
                0x00000000200000b4                idx_led02
 .bss.idx_led13
                0x00000000200000b8        0x4 ./Core/Src/led7_segment.o
                0x00000000200000b8                idx_led13
 .bss.savecounteryellow13
                0x00000000200000bc        0x4 ./Core/Src/led7_segment.o
                0x00000000200000bc                savecounteryellow13
 .bss.checkcounteryellow
                0x00000000200000c0        0x4 ./Core/Src/led7_segment.o
                0x00000000200000c0                checkcounteryellow
 *(COMMON)
 COMMON         0x00000000200000c4       0x20 ./Core/Src/led7_segment.o
                0x00000000200000c4                savecounterred02
                0x00000000200000c8                savecountergreen13
                0x00000000200000cc                checkcountergreen
                0x00000000200000d0                checkcountergreen02
                0x00000000200000d4                checkcounterred
                0x00000000200000d8                savecounterred13
                0x00000000200000dc                savecountergreen02
                0x00000000200000e0                checkcounterred02
 COMMON         0x00000000200000e4       0x48 ./Core/Src/main.o
                0x00000000200000e4                htim2
 COMMON         0x000000002000012c       0x50 ./Core/Src/software_timer.o
                0x000000002000012c                timer_counter
                0x0000000020000154                timer_flag
 COMMON         0x000000002000017c        0x4 ./Drivers/STM32F1xx_HAL_Driver/Src/stm32f1xx_hal.o
                0x000000002000017c                uwTick
                0x0000000020000180                . = ALIGN (0x4)
                0x0000000020000180                _ebss = .
                0x0000000020000180                __bss_end__ = _ebss

._user_heap_stack
                0x0000000020000180      0x600 load address 0x0000000008003c58
                0x0000000020000180                . = ALIGN (0x8)
                [!provide]                        PROVIDE (end = .)
                0x0000000020000180                PROVIDE (_end = .)
                0x0000000020000380                . = (. + _Min_Heap_Size)
 *fill*         0x0000000020000180      0x200 
                0x0000000020000780                . = (. + _Min_Stack_Size)
 *fill*         0x0000000020000380      0x400 
                0x0000000020000780                . = ALIGN (0x8)

/DISCARD/
 libc.a(*)
 libm.a(*)
 libgcc.a(*)

.ARM.attributes
                0x0000000000000000       0x29
 *(.ARM.attributes)
 .ARM.attributes
                0x0000000000000000       0x1d e:/microprocessors-microcontrollers/stm32cubeide_1.7.0/stm32cubeide/plugins/com.st.stm32cube.ide.mcu.externaltools.gnu-tools-for-stm32.9-2020-q2-update.win32_2.0.0.202105311346/tools/bin/../lib/gcc/arm-none-eabi/9.3.1/thumb/v7-m/nofp/crti.o
 .ARM.attributes
                0x000000000000001d       0x2d e:/microprocessors-microcontrollers/stm32cubeide_1.7.0/stm32cubeide/plugins/com.st.stm32cube.ide.mcu.externaltools.gnu-tools-for-stm32.9-2020-q2-update.win32_2.0.0.202105311346/tools/bin/../lib/gcc/arm-none-eabi/9.3.1/thumb/v7-m/nofp/crtbegin.o
 .ARM.attributes
                0x000000000000004a       0x2d ./Core/Src/button.o
 .ARM.attributes
                0x0000000000000077       0x2d ./Core/Src/fsm_automatic.o
 .ARM.attributes
                0x00000000000000a4       0x2d ./Core/Src/fsm_manual.o
 .ARM.attributes
                0x00000000000000d1       0x2d ./Core/Src/fsm_setting.o
 .ARM.attributes
                0x00000000000000fe       0x33 ./Core/Src/global.o
 .ARM.attributes
                0x0000000000000131       0x2d ./Core/Src/led7_segment.o
 .ARM.attributes
                0x000000000000015e       0x2d ./Core/Src/main.o
 .ARM.attributes
                0x000000000000018b       0x2d ./Core/Src/software_timer.o
 .ARM.attributes
                0x00000000000001b8       0x2d ./Core/Src/stm32f1xx_hal_msp.o
 .ARM.attributes
                0x00000000000001e5       0x2d ./Core/Src/stm32f1xx_it.o
 .ARM.attributes
                0x0000000000000212       0x2d ./Core/Src/system_stm32f1xx.o
 .ARM.attributes
                0x000000000000023f       0x2d ./Core/Src/traffic_light.o
 .ARM.attributes
                0x000000000000026c       0x21 ./Core/Startup/startup_stm32f103c6ux.o
 .ARM.attributes
                0x000000000000028d       0x2d ./Drivers/STM32F1xx_HAL_Driver/Src/stm32f1xx_hal.o
 .ARM.attributes
                0x00000000000002ba       0x2d ./Drivers/STM32F1xx_HAL_Driver/Src/stm32f1xx_hal_cortex.o
 .ARM.attributes
                0x00000000000002e7       0x2d ./Drivers/STM32F1xx_HAL_Driver/Src/stm32f1xx_hal_gpio.o
 .ARM.attributes
                0x0000000000000314       0x2d ./Drivers/STM32F1xx_HAL_Driver/Src/stm32f1xx_hal_rcc.o
 .ARM.attributes
                0x0000000000000341       0x2d ./Drivers/STM32F1xx_HAL_Driver/Src/stm32f1xx_hal_tim.o
 .ARM.attributes
                0x000000000000036e       0x2d ./Drivers/STM32F1xx_HAL_Driver/Src/stm32f1xx_hal_tim_ex.o
 .ARM.attributes
                0x000000000000039b       0x2d e:/microprocessors-microcontrollers/stm32cubeide_1.7.0/stm32cubeide/plugins/com.st.stm32cube.ide.mcu.externaltools.gnu-tools-for-stm32.9-2020-q2-update.win32_2.0.0.202105311346/tools/bin/../lib/gcc/arm-none-eabi/9.3.1/../../../../arm-none-eabi/lib/thumb/v7-m/nofp\libc_nano.a(lib_a-init.o)
 .ARM.attributes
                0x00000000000003c8       0x2d e:/microprocessors-microcontrollers/stm32cubeide_1.7.0/stm32cubeide/plugins/com.st.stm32cube.ide.mcu.externaltools.gnu-tools-for-stm32.9-2020-q2-update.win32_2.0.0.202105311346/tools/bin/../lib/gcc/arm-none-eabi/9.3.1/../../../../arm-none-eabi/lib/thumb/v7-m/nofp\libc_nano.a(lib_a-memset.o)
 .ARM.attributes
                0x00000000000003f5       0x1d e:/microprocessors-microcontrollers/stm32cubeide_1.7.0/stm32cubeide/plugins/com.st.stm32cube.ide.mcu.externaltools.gnu-tools-for-stm32.9-2020-q2-update.win32_2.0.0.202105311346/tools/bin/../lib/gcc/arm-none-eabi/9.3.1/thumb/v7-m/nofp/crtn.o
OUTPUT(LAB3_Exercise.elf elf32-littlearm)
LOAD linker stubs
LOAD e:/microprocessors-microcontrollers/stm32cubeide_1.7.0/stm32cubeide/plugins/com.st.stm32cube.ide.mcu.externaltools.gnu-tools-for-stm32.9-2020-q2-update.win32_2.0.0.202105311346/tools/bin/../lib/gcc/arm-none-eabi/9.3.1/../../../../arm-none-eabi/lib/thumb/v7-m/nofp\libc.a
LOAD e:/microprocessors-microcontrollers/stm32cubeide_1.7.0/stm32cubeide/plugins/com.st.stm32cube.ide.mcu.externaltools.gnu-tools-for-stm32.9-2020-q2-update.win32_2.0.0.202105311346/tools/bin/../lib/gcc/arm-none-eabi/9.3.1/../../../../arm-none-eabi/lib/thumb/v7-m/nofp\libm.a
LOAD e:/microprocessors-microcontrollers/stm32cubeide_1.7.0/stm32cubeide/plugins/com.st.stm32cube.ide.mcu.externaltools.gnu-tools-for-stm32.9-2020-q2-update.win32_2.0.0.202105311346/tools/bin/../lib/gcc/arm-none-eabi/9.3.1/thumb/v7-m/nofp\libgcc.a

.debug_info     0x0000000000000000     0xa2c6
 .debug_info    0x0000000000000000      0x36d ./Core/Src/button.o
 .debug_info    0x000000000000036d      0x370 ./Core/Src/fsm_automatic.o
 .debug_info    0x00000000000006dd      0x3ad ./Core/Src/fsm_manual.o
 .debug_info    0x0000000000000a8a      0x392 ./Core/Src/fsm_setting.o
 .debug_info    0x0000000000000e1c      0x310 ./Core/Src/global.o
 .debug_info    0x000000000000112c      0x63b ./Core/Src/led7_segment.o
 .debug_info    0x0000000000001767      0xd33 ./Core/Src/main.o
 .debug_info    0x000000000000249a      0x263 ./Core/Src/software_timer.o
 .debug_info    0x00000000000026fd      0xa09 ./Core/Src/stm32f1xx_hal_msp.o
 .debug_info    0x0000000000003106      0x7b9 ./Core/Src/stm32f1xx_it.o
 .debug_info    0x00000000000038bf      0x2be ./Core/Src/system_stm32f1xx.o
 .debug_info    0x0000000000003b7d      0x2d8 ./Core/Src/traffic_light.o
 .debug_info    0x0000000000003e55       0x22 ./Core/Startup/startup_stm32f103c6ux.o
 .debug_info    0x0000000000003e77      0x74c ./Drivers/STM32F1xx_HAL_Driver/Src/stm32f1xx_hal.o
 .debug_info    0x00000000000045c3      0xbbe ./Drivers/STM32F1xx_HAL_Driver/Src/stm32f1xx_hal_cortex.o
 .debug_info    0x0000000000005181      0x701 ./Drivers/STM32F1xx_HAL_Driver/Src/stm32f1xx_hal_gpio.o
 .debug_info    0x0000000000005882      0x893 ./Drivers/STM32F1xx_HAL_Driver/Src/stm32f1xx_hal_rcc.o
 .debug_info    0x0000000000006115     0x2c32 ./Drivers/STM32F1xx_HAL_Driver/Src/stm32f1xx_hal_tim.o
 .debug_info    0x0000000000008d47     0x157f ./Drivers/STM32F1xx_HAL_Driver/Src/stm32f1xx_hal_tim_ex.o

.debug_abbrev   0x0000000000000000     0x1e49
 .debug_abbrev  0x0000000000000000      0x177 ./Core/Src/button.o
 .debug_abbrev  0x0000000000000177       0xe9 ./Core/Src/fsm_automatic.o
 .debug_abbrev  0x0000000000000260      0x112 ./Core/Src/fsm_manual.o
 .debug_abbrev  0x0000000000000372      0x109 ./Core/Src/fsm_setting.o
 .debug_abbrev  0x000000000000047b       0xbc ./Core/Src/global.o
 .debug_abbrev  0x0000000000000537      0x1aa ./Core/Src/led7_segment.o
 .debug_abbrev  0x00000000000006e1      0x273 ./Core/Src/main.o
 .debug_abbrev  0x0000000000000954      0x14a ./Core/Src/software_timer.o
 .debug_abbrev  0x0000000000000a9e      0x1b7 ./Core/Src/stm32f1xx_hal_msp.o
 .debug_abbrev  0x0000000000000c55      0x176 ./Core/Src/stm32f1xx_it.o
 .debug_abbrev  0x0000000000000dcb      0x14e ./Core/Src/system_stm32f1xx.o
 .debug_abbrev  0x0000000000000f19       0xff ./Core/Src/traffic_light.o
 .debug_abbrev  0x0000000000001018       0x12 ./Core/Startup/startup_stm32f103c6ux.o
 .debug_abbrev  0x000000000000102a      0x1ed ./Drivers/STM32F1xx_HAL_Driver/Src/stm32f1xx_hal.o
 .debug_abbrev  0x0000000000001217      0x313 ./Drivers/STM32F1xx_HAL_Driver/Src/stm32f1xx_hal_cortex.o
 .debug_abbrev  0x000000000000152a      0x1e8 ./Drivers/STM32F1xx_HAL_Driver/Src/stm32f1xx_hal_gpio.o
 .debug_abbrev  0x0000000000001712      0x273 ./Drivers/STM32F1xx_HAL_Driver/Src/stm32f1xx_hal_rcc.o
 .debug_abbrev  0x0000000000001985      0x25e ./Drivers/STM32F1xx_HAL_Driver/Src/stm32f1xx_hal_tim.o
 .debug_abbrev  0x0000000000001be3      0x266 ./Drivers/STM32F1xx_HAL_Driver/Src/stm32f1xx_hal_tim_ex.o

.debug_aranges  0x0000000000000000      0xaf8
 .debug_aranges
                0x0000000000000000       0x30 ./Core/Src/button.o
 .debug_aranges
                0x0000000000000030       0x20 ./Core/Src/fsm_automatic.o
 .debug_aranges
                0x0000000000000050       0x20 ./Core/Src/fsm_manual.o
 .debug_aranges
                0x0000000000000070       0x20 ./Core/Src/fsm_setting.o
 .debug_aranges
                0x0000000000000090       0x18 ./Core/Src/global.o
 .debug_aranges
                0x00000000000000a8       0x88 ./Core/Src/led7_segment.o
 .debug_aranges
                0x0000000000000130       0x50 ./Core/Src/main.o
 .debug_aranges
                0x0000000000000180       0x38 ./Core/Src/software_timer.o
 .debug_aranges
                0x00000000000001b8       0x30 ./Core/Src/stm32f1xx_hal_msp.o
 .debug_aranges
                0x00000000000001e8       0x68 ./Core/Src/stm32f1xx_it.o
 .debug_aranges
                0x0000000000000250       0x28 ./Core/Src/system_stm32f1xx.o
 .debug_aranges
                0x0000000000000278       0x58 ./Core/Src/traffic_light.o
 .debug_aranges
                0x00000000000002d0       0x28 ./Core/Startup/startup_stm32f103c6ux.o
 .debug_aranges
                0x00000000000002f8       0xe0 ./Drivers/STM32F1xx_HAL_Driver/Src/stm32f1xx_hal.o
 .debug_aranges
                0x00000000000003d8      0x100 ./Drivers/STM32F1xx_HAL_Driver/Src/stm32f1xx_hal_cortex.o
 .debug_aranges
                0x00000000000004d8       0x58 ./Drivers/STM32F1xx_HAL_Driver/Src/stm32f1xx_hal_gpio.o
 .debug_aranges
                0x0000000000000530       0x90 ./Drivers/STM32F1xx_HAL_Driver/Src/stm32f1xx_hal_rcc.o
 .debug_aranges
                0x00000000000005c0      0x3d0 ./Drivers/STM32F1xx_HAL_Driver/Src/stm32f1xx_hal_tim.o
 .debug_aranges
                0x0000000000000990      0x168 ./Drivers/STM32F1xx_HAL_Driver/Src/stm32f1xx_hal_tim_ex.o

.debug_ranges   0x0000000000000000      0x9c8
 .debug_ranges  0x0000000000000000       0x20 ./Core/Src/button.o
 .debug_ranges  0x0000000000000020       0x10 ./Core/Src/fsm_automatic.o
 .debug_ranges  0x0000000000000030       0x10 ./Core/Src/fsm_manual.o
 .debug_ranges  0x0000000000000040       0x10 ./Core/Src/fsm_setting.o
 .debug_ranges  0x0000000000000050       0x78 ./Core/Src/led7_segment.o
 .debug_ranges  0x00000000000000c8       0x40 ./Core/Src/main.o
 .debug_ranges  0x0000000000000108       0x28 ./Core/Src/software_timer.o
 .debug_ranges  0x0000000000000130       0x20 ./Core/Src/stm32f1xx_hal_msp.o
 .debug_ranges  0x0000000000000150       0x58 ./Core/Src/stm32f1xx_it.o
 .debug_ranges  0x00000000000001a8       0x18 ./Core/Src/system_stm32f1xx.o
 .debug_ranges  0x00000000000001c0       0x48 ./Core/Src/traffic_light.o
 .debug_ranges  0x0000000000000208       0x20 ./Core/Startup/startup_stm32f103c6ux.o
 .debug_ranges  0x0000000000000228       0xd0 ./Drivers/STM32F1xx_HAL_Driver/Src/stm32f1xx_hal.o
 .debug_ranges  0x00000000000002f8       0xf0 ./Drivers/STM32F1xx_HAL_Driver/Src/stm32f1xx_hal_cortex.o
 .debug_ranges  0x00000000000003e8       0x48 ./Drivers/STM32F1xx_HAL_Driver/Src/stm32f1xx_hal_gpio.o
 .debug_ranges  0x0000000000000430       0x80 ./Drivers/STM32F1xx_HAL_Driver/Src/stm32f1xx_hal_rcc.o
 .debug_ranges  0x00000000000004b0      0x3c0 ./Drivers/STM32F1xx_HAL_Driver/Src/stm32f1xx_hal_tim.o
 .debug_ranges  0x0000000000000870      0x158 ./Drivers/STM32F1xx_HAL_Driver/Src/stm32f1xx_hal_tim_ex.o

.debug_macro    0x0000000000000000    0x17307
 .debug_macro   0x0000000000000000      0x1c1 ./Core/Src/button.o
 .debug_macro   0x00000000000001c1      0xa9c ./Core/Src/button.o
 .debug_macro   0x0000000000000c5d      0x215 ./Core/Src/button.o
 .debug_macro   0x0000000000000e72       0x2e ./Core/Src/button.o
 .debug_macro   0x0000000000000ea0       0x22 ./Core/Src/button.o
 .debug_macro   0x0000000000000ec2       0x22 ./Core/Src/button.o
 .debug_macro   0x0000000000000ee4       0x8e ./Core/Src/button.o
 .debug_macro   0x0000000000000f72       0x51 ./Core/Src/button.o
 .debug_macro   0x0000000000000fc3      0x103 ./Core/Src/button.o
 .debug_macro   0x00000000000010c6       0x6a ./Core/Src/button.o
 .debug_macro   0x0000000000001130      0x1df ./Core/Src/button.o
 .debug_macro   0x000000000000130f       0x1c ./Core/Src/button.o
 .debug_macro   0x000000000000132b       0x22 ./Core/Src/button.o
 .debug_macro   0x000000000000134d       0xc3 ./Core/Src/button.o
 .debug_macro   0x0000000000001410      0xd23 ./Core/Src/button.o
 .debug_macro   0x0000000000002133     0xde75 ./Core/Src/button.o
 .debug_macro   0x000000000000ffa8       0x6d ./Core/Src/button.o
 .debug_macro   0x0000000000010015     0x34a2 ./Core/Src/button.o
 .debug_macro   0x00000000000134b7      0x174 ./Core/Src/button.o
 .debug_macro   0x000000000001362b       0x5c ./Core/Src/button.o
 .debug_macro   0x0000000000013687      0x5bc ./Core/Src/button.o
 .debug_macro   0x0000000000013c43      0x1b7 ./Core/Src/button.o
 .debug_macro   0x0000000000013dfa      0x1cb ./Core/Src/button.o
 .debug_macro   0x0000000000013fc5      0x114 ./Core/Src/button.o
 .debug_macro   0x00000000000140d9      0x1b2 ./Core/Src/button.o
 .debug_macro   0x000000000001428b       0x27 ./Core/Src/button.o
 .debug_macro   0x00000000000142b2      0x12f ./Core/Src/button.o
 .debug_macro   0x00000000000143e1      0x1bc ./Core/Src/button.o
 .debug_macro   0x000000000001459d       0x34 ./Core/Src/button.o
 .debug_macro   0x00000000000145d1       0x3c ./Core/Src/button.o
 .debug_macro   0x000000000001460d       0x57 ./Core/Src/button.o
 .debug_macro   0x0000000000014664       0x87 ./Core/Src/button.o
 .debug_macro   0x00000000000146eb      0x183 ./Core/Src/button.o
 .debug_macro   0x000000000001486e      0x140 ./Core/Src/button.o
 .debug_macro   0x00000000000149ae      0x8ed ./Core/Src/button.o
 .debug_macro   0x000000000001529b       0x69 ./Core/Src/button.o
 .debug_macro   0x0000000000015304      0x154 ./Core/Src/button.o
 .debug_macro   0x0000000000015458       0x10 ./Core/Src/button.o
 .debug_macro   0x0000000000015468      0x1f8 ./Core/Src/fsm_automatic.o
 .debug_macro   0x0000000000015660       0x16 ./Core/Src/fsm_automatic.o
 .debug_macro   0x0000000000015676       0x64 ./Core/Src/fsm_automatic.o
 .debug_macro   0x00000000000156da      0x1f8 ./Core/Src/fsm_manual.o
 .debug_macro   0x00000000000158d2      0x1fe ./Core/Src/fsm_setting.o
 .debug_macro   0x0000000000015ad0      0x1f4 ./Core/Src/global.o
 .debug_macro   0x0000000000015cc4      0x1b0 ./Core/Src/led7_segment.o
 .debug_macro   0x0000000000015e74      0x20e ./Core/Src/main.o
 .debug_macro   0x0000000000016082      0x1bc ./Core/Src/software_timer.o
 .debug_macro   0x000000000001623e      0x1a6 ./Core/Src/stm32f1xx_hal_msp.o
 .debug_macro   0x00000000000163e4      0x1b0 ./Core/Src/stm32f1xx_it.o
 .debug_macro   0x0000000000016594      0x197 ./Core/Src/system_stm32f1xx.o
 .debug_macro   0x000000000001672b      0x1b0 ./Core/Src/traffic_light.o
 .debug_macro   0x00000000000168db      0x1bb ./Drivers/STM32F1xx_HAL_Driver/Src/stm32f1xx_hal.o
 .debug_macro   0x0000000000016a96      0x197 ./Drivers/STM32F1xx_HAL_Driver/Src/stm32f1xx_hal_cortex.o
 .debug_macro   0x0000000000016c2d      0x202 ./Drivers/STM32F1xx_HAL_Driver/Src/stm32f1xx_hal_gpio.o
 .debug_macro   0x0000000000016e2f      0x1a9 ./Drivers/STM32F1xx_HAL_Driver/Src/stm32f1xx_hal_rcc.o
 .debug_macro   0x0000000000016fd8      0x198 ./Drivers/STM32F1xx_HAL_Driver/Src/stm32f1xx_hal_tim.o
 .debug_macro   0x0000000000017170      0x197 ./Drivers/STM32F1xx_HAL_Driver/Src/stm32f1xx_hal_tim_ex.o

.debug_line     0x0000000000000000     0xe68a
 .debug_line    0x0000000000000000      0x810 ./Core/Src/button.o
 .debug_line    0x0000000000000810      0x968 ./Core/Src/fsm_automatic.o
 .debug_line    0x0000000000001178      0x8fb ./Core/Src/fsm_manual.o
 .debug_line    0x0000000000001a73      0xa30 ./Core/Src/fsm_setting.o
 .debug_line    0x00000000000024a3      0x7ba ./Core/Src/global.o
 .debug_line    0x0000000000002c5d      0xc1d ./Core/Src/led7_segment.o
 .debug_line    0x000000000000387a      0x934 ./Core/Src/main.o
 .debug_line    0x00000000000041ae      0x7f8 ./Core/Src/software_timer.o
 .debug_line    0x00000000000049a6      0x7a6 ./Core/Src/stm32f1xx_hal_msp.o
 .debug_line    0x000000000000514c      0x844 ./Core/Src/stm32f1xx_it.o
 .debug_line    0x0000000000005990      0x7e8 ./Core/Src/system_stm32f1xx.o
 .debug_line    0x0000000000006178      0x830 ./Core/Src/traffic_light.o
 .debug_line    0x00000000000069a8       0x86 ./Core/Startup/startup_stm32f103c6ux.o
 .debug_line    0x0000000000006a2e      0xa15 ./Drivers/STM32F1xx_HAL_Driver/Src/stm32f1xx_hal.o
 .debug_line    0x0000000000007443      0xbfd ./Drivers/STM32F1xx_HAL_Driver/Src/stm32f1xx_hal_cortex.o
 .debug_line    0x0000000000008040      0xa98 ./Drivers/STM32F1xx_HAL_Driver/Src/stm32f1xx_hal_gpio.o
 .debug_line    0x0000000000008ad8      0xe21 ./Drivers/STM32F1xx_HAL_Driver/Src/stm32f1xx_hal_rcc.o
 .debug_line    0x00000000000098f9     0x3466 ./Drivers/STM32F1xx_HAL_Driver/Src/stm32f1xx_hal_tim.o
 .debug_line    0x000000000000cd5f     0x192b ./Drivers/STM32F1xx_HAL_Driver/Src/stm32f1xx_hal_tim_ex.o

.debug_str      0x0000000000000000    0x8290f
 .debug_str     0x0000000000000000    0x7f9c7 ./Core/Src/button.o
                                      0x7fd1a (size before relaxing)
 .debug_str     0x000000000007f9c7      0x2c2 ./Core/Src/fsm_automatic.o
                                      0x7ff68 (size before relaxing)
 .debug_str     0x000000000007fc89       0x28 ./Core/Src/fsm_manual.o
                                      0x7ff93 (size before relaxing)
 .debug_str     0x000000000007fcb1       0x3e ./Core/Src/fsm_setting.o
                                      0x7ffa3 (size before relaxing)
 .debug_str     0x000000000007fcef       0x15 ./Core/Src/global.o
                                      0x7ff4f (size before relaxing)
 .debug_str     0x000000000007fd04      0x1b2 ./Core/Src/led7_segment.o
                                      0x7ff54 (size before relaxing)
 .debug_str     0x000000000007feb6      0x6e6 ./Core/Src/main.o
                                      0x8072b (size before relaxing)
 .debug_str     0x000000000008059c       0x7a ./Core/Src/software_timer.o
                                      0x7fc7b (size before relaxing)
 .debug_str     0x0000000000080616      0x2ba ./Core/Src/stm32f1xx_hal_msp.o
                                      0x803f8 (size before relaxing)
 .debug_str     0x00000000000808d0       0xcd ./Core/Src/stm32f1xx_it.o
                                      0x8015a (size before relaxing)
 .debug_str     0x000000000008099d       0x52 ./Core/Src/system_stm32f1xx.o
                                      0x7f76b (size before relaxing)
 .debug_str     0x00000000000809ef       0xa7 ./Core/Src/traffic_light.o
                                      0x7fcdd (size before relaxing)
 .debug_str     0x0000000000080a96       0x36 ./Core/Startup/startup_stm32f103c6ux.o
                                         0x5f (size before relaxing)
 .debug_str     0x0000000000080acc      0x304 ./Drivers/STM32F1xx_HAL_Driver/Src/stm32f1xx_hal.o
                                      0x7fdc2 (size before relaxing)
 .debug_str     0x0000000000080dd0      0x300 ./Drivers/STM32F1xx_HAL_Driver/Src/stm32f1xx_hal_cortex.o
                                      0x7fdca (size before relaxing)
 .debug_str     0x00000000000810d0      0x324 ./Drivers/STM32F1xx_HAL_Driver/Src/stm32f1xx_hal_gpio.o
                                      0x7fb2f (size before relaxing)
 .debug_str     0x00000000000813f4      0x24f ./Drivers/STM32F1xx_HAL_Driver/Src/stm32f1xx_hal_rcc.o
                                      0x7fb68 (size before relaxing)
 .debug_str     0x0000000000081643      0xdde ./Drivers/STM32F1xx_HAL_Driver/Src/stm32f1xx_hal_tim.o
                                      0x80b51 (size before relaxing)
 .debug_str     0x0000000000082421      0x4ee ./Drivers/STM32F1xx_HAL_Driver/Src/stm32f1xx_hal_tim_ex.o
                                      0x802f2 (size before relaxing)

.comment        0x0000000000000000       0x53
 .comment       0x0000000000000000       0x53 ./Core/Src/button.o
                                         0x54 (size before relaxing)
 .comment       0x0000000000000053       0x54 ./Core/Src/fsm_automatic.o
 .comment       0x0000000000000053       0x54 ./Core/Src/fsm_manual.o
 .comment       0x0000000000000053       0x54 ./Core/Src/fsm_setting.o
 .comment       0x0000000000000053       0x54 ./Core/Src/global.o
 .comment       0x0000000000000053       0x54 ./Core/Src/led7_segment.o
 .comment       0x0000000000000053       0x54 ./Core/Src/main.o
 .comment       0x0000000000000053       0x54 ./Core/Src/software_timer.o
 .comment       0x0000000000000053       0x54 ./Core/Src/stm32f1xx_hal_msp.o
 .comment       0x0000000000000053       0x54 ./Core/Src/stm32f1xx_it.o
 .comment       0x0000000000000053       0x54 ./Core/Src/system_stm32f1xx.o
 .comment       0x0000000000000053       0x54 ./Core/Src/traffic_light.o
 .comment       0x0000000000000053       0x54 ./Drivers/STM32F1xx_HAL_Driver/Src/stm32f1xx_hal.o
 .comment       0x0000000000000053       0x54 ./Drivers/STM32F1xx_HAL_Driver/Src/stm32f1xx_hal_cortex.o
 .comment       0x0000000000000053       0x54 ./Drivers/STM32F1xx_HAL_Driver/Src/stm32f1xx_hal_gpio.o
 .comment       0x0000000000000053       0x54 ./Drivers/STM32F1xx_HAL_Driver/Src/stm32f1xx_hal_rcc.o
 .comment       0x0000000000000053       0x54 ./Drivers/STM32F1xx_HAL_Driver/Src/stm32f1xx_hal_tim.o
 .comment       0x0000000000000053       0x54 ./Drivers/STM32F1xx_HAL_Driver/Src/stm32f1xx_hal_tim_ex.o

.debug_frame    0x0000000000000000     0x2a30
 .debug_frame   0x0000000000000000       0x84 ./Core/Src/button.o
 .debug_frame   0x0000000000000084       0x2c ./Core/Src/fsm_automatic.o
 .debug_frame   0x00000000000000b0       0x2c ./Core/Src/fsm_manual.o
 .debug_frame   0x00000000000000dc       0x2c ./Core/Src/fsm_setting.o
 .debug_frame   0x0000000000000108      0x1a8 ./Core/Src/led7_segment.o
 .debug_frame   0x00000000000002b0       0xf0 ./Core/Src/main.o
 .debug_frame   0x00000000000003a0       0xb0 ./Core/Src/software_timer.o
 .debug_frame   0x0000000000000450       0x80 ./Core/Src/stm32f1xx_hal_msp.o
 .debug_frame   0x00000000000004d0      0x120 ./Core/Src/stm32f1xx_it.o
 .debug_frame   0x00000000000005f0       0x58 ./Core/Src/system_stm32f1xx.o
 .debug_frame   0x0000000000000648       0xf0 ./Core/Src/traffic_light.o
 .debug_frame   0x0000000000000738      0x334 ./Drivers/STM32F1xx_HAL_Driver/Src/stm32f1xx_hal.o
 .debug_frame   0x0000000000000a6c      0x428 ./Drivers/STM32F1xx_HAL_Driver/Src/stm32f1xx_hal_cortex.o
 .debug_frame   0x0000000000000e94      0x14c ./Drivers/STM32F1xx_HAL_Driver/Src/stm32f1xx_hal_gpio.o
 .debug_frame   0x0000000000000fe0      0x218 ./Drivers/STM32F1xx_HAL_Driver/Src/stm32f1xx_hal_rcc.o
 .debug_frame   0x00000000000011f8     0x11b4 ./Drivers/STM32F1xx_HAL_Driver/Src/stm32f1xx_hal_tim.o
 .debug_frame   0x00000000000023ac      0x638 ./Drivers/STM32F1xx_HAL_Driver/Src/stm32f1xx_hal_tim_ex.o
 .debug_frame   0x00000000000029e4       0x2c e:/microprocessors-microcontrollers/stm32cubeide_1.7.0/stm32cubeide/plugins/com.st.stm32cube.ide.mcu.externaltools.gnu-tools-for-stm32.9-2020-q2-update.win32_2.0.0.202105311346/tools/bin/../lib/gcc/arm-none-eabi/9.3.1/../../../../arm-none-eabi/lib/thumb/v7-m/nofp\libc_nano.a(lib_a-init.o)
 .debug_frame   0x0000000000002a10       0x20 e:/microprocessors-microcontrollers/stm32cubeide_1.7.0/stm32cubeide/plugins/com.st.stm32cube.ide.mcu.externaltools.gnu-tools-for-stm32.9-2020-q2-update.win32_2.0.0.202105311346/tools/bin/../lib/gcc/arm-none-eabi/9.3.1/../../../../arm-none-eabi/lib/thumb/v7-m/nofp\libc_nano.a(lib_a-memset.o)
